2026-02-08 06:19:02 - train_wadi - INFO - ================================================================================
2026-02-08 06:19:02 - train_wadi - INFO - 开始训练
2026-02-08 06:19:02 - train_wadi - INFO - ================================================================================
2026-02-08 06:19:02 - train_wadi - INFO - 数据集: wadi
2026-02-08 06:19:02 - train_wadi - INFO - 模型保存路径: ./output/wadi/20260208_061902/model.pt
2026-02-08 06:19:02 - train_wadi - INFO - 训练配置: {'batch': 64, 'epoch': 100, 'slide_win': 5, 'dim': 64, 'slide_stride': 5, 'comment': 'wadi', 'seed': 0, 'out_layer_num': 1, 'out_layer_inter_dim': 64, 'decay': 0.0, 'val_ratio': 0.1, 'topk': 20}
2026-02-08 06:19:02 - train_wadi - INFO - 训练数据集大小: 15259
2026-02-08 06:19:02 - train_wadi - INFO - 训练批次数: 215
2026-02-08 06:19:02 - train_wadi - INFO - 验证批次数: 24
2026-02-08 06:19:02 - train_wadi - INFO - 使用设备: cuda
2026-02-08 06:19:02 - train_wadi - INFO - 总训练轮数: 100
2026-02-08 06:19:02 - train_wadi - INFO - 早停窗口: 15
2026-02-08 06:19:02 - train_wadi - INFO - --------------------------------------------------------------------------------
2026-02-08 06:19:02 - train_wadi - INFO - Epoch 1/100 开始
2026-02-08 06:19:09 - train_wadi - INFO - Epoch 1/100 - 训练Loss: 0.07361855, 累计Loss: 15.82798840
2026-02-08 06:19:09 - train_wadi - INFO - 开始验证...
2026-02-08 06:19:09 - train_wadi - INFO - 验证Loss: 0.03450021
2026-02-08 06:19:09 - train_wadi - INFO - 模型已保存到: ./output/wadi/20260208_061902/model.pt (验证Loss改善: 100000000.00000000 -> 0.03450021)
2026-02-08 06:19:09 - train_wadi - INFO - 模型已备份到: ./pretrained/wadi_model.pt
2026-02-08 06:19:09 - train_wadi - INFO - --------------------------------------------------------------------------------
2026-02-08 06:19:09 - train_wadi - INFO - Epoch 2/100 开始
2026-02-08 06:19:14 - train_wadi - INFO - Epoch 2/100 - 训练Loss: 0.03562865, 累计Loss: 7.66015959
2026-02-08 06:19:14 - train_wadi - INFO - 开始验证...
2026-02-08 06:19:14 - train_wadi - INFO - 验证Loss: 0.02407478
2026-02-08 06:19:14 - train_wadi - INFO - 模型已保存到: ./output/wadi/20260208_061902/model.pt (验证Loss改善: 0.03450021 -> 0.02407478)
2026-02-08 06:19:14 - train_wadi - INFO - 模型已备份到: ./pretrained/wadi_model.pt
2026-02-08 06:19:14 - train_wadi - INFO - --------------------------------------------------------------------------------
2026-02-08 06:19:14 - train_wadi - INFO - Epoch 3/100 开始
2026-02-08 06:19:19 - train_wadi - INFO - Epoch 3/100 - 训练Loss: 0.02460365, 累计Loss: 5.28978529
2026-02-08 06:19:19 - train_wadi - INFO - 开始验证...
2026-02-08 06:19:19 - train_wadi - INFO - 验证Loss: 0.01890491
2026-02-08 06:19:19 - train_wadi - INFO - 模型已保存到: ./output/wadi/20260208_061902/model.pt (验证Loss改善: 0.02407478 -> 0.01890491)
2026-02-08 06:19:19 - train_wadi - INFO - 模型已备份到: ./pretrained/wadi_model.pt
2026-02-08 06:19:19 - train_wadi - INFO - --------------------------------------------------------------------------------
2026-02-08 06:19:19 - train_wadi - INFO - Epoch 4/100 开始
2026-02-08 06:19:24 - train_wadi - INFO - Epoch 4/100 - 训练Loss: 0.02145694, 累计Loss: 4.61324191
2026-02-08 06:19:24 - train_wadi - INFO - 开始验证...
2026-02-08 06:19:24 - train_wadi - INFO - 验证Loss: 0.01674137
2026-02-08 06:19:24 - train_wadi - INFO - 模型已保存到: ./output/wadi/20260208_061902/model.pt (验证Loss改善: 0.01890491 -> 0.01674137)
2026-02-08 06:19:24 - train_wadi - INFO - 模型已备份到: ./pretrained/wadi_model.pt
2026-02-08 06:19:24 - train_wadi - INFO - --------------------------------------------------------------------------------
2026-02-08 06:19:24 - train_wadi - INFO - Epoch 5/100 开始
2026-02-08 06:19:29 - train_wadi - INFO - Epoch 5/100 - 训练Loss: 0.02033069, 累计Loss: 4.37109765
2026-02-08 06:19:29 - train_wadi - INFO - 开始验证...
2026-02-08 06:19:29 - train_wadi - INFO - 验证Loss: 0.01687519
2026-02-08 06:19:29 - train_wadi - INFO - 验证Loss未改善 (连续未改善次数: 1/15)
2026-02-08 06:19:29 - train_wadi - INFO - --------------------------------------------------------------------------------
2026-02-08 06:19:29 - train_wadi - INFO - Epoch 6/100 开始
2026-02-08 06:19:34 - train_wadi - INFO - Epoch 6/100 - 训练Loss: 0.02016634, 累计Loss: 4.33576317
2026-02-08 06:19:34 - train_wadi - INFO - 开始验证...
2026-02-08 06:19:34 - train_wadi - INFO - 验证Loss: 0.01676950
2026-02-08 06:19:34 - train_wadi - INFO - 验证Loss未改善 (连续未改善次数: 2/15)
2026-02-08 06:19:34 - train_wadi - INFO - --------------------------------------------------------------------------------
2026-02-08 06:19:34 - train_wadi - INFO - Epoch 7/100 开始
2026-02-08 06:19:39 - train_wadi - INFO - Epoch 7/100 - 训练Loss: 0.01869757, 累计Loss: 4.01997761
2026-02-08 06:19:39 - train_wadi - INFO - 开始验证...
2026-02-08 06:19:40 - train_wadi - INFO - 验证Loss: 0.01393140
2026-02-08 06:19:40 - train_wadi - INFO - 模型已保存到: ./output/wadi/20260208_061902/model.pt (验证Loss改善: 0.01674137 -> 0.01393140)
2026-02-08 06:19:40 - train_wadi - INFO - 模型已备份到: ./pretrained/wadi_model.pt
2026-02-08 06:19:40 - train_wadi - INFO - --------------------------------------------------------------------------------
2026-02-08 06:19:40 - train_wadi - INFO - Epoch 8/100 开始
2026-02-08 06:19:44 - train_wadi - INFO - Epoch 8/100 - 训练Loss: 0.01737316, 累计Loss: 3.73522911
2026-02-08 06:19:44 - train_wadi - INFO - 开始验证...
2026-02-08 06:19:45 - train_wadi - INFO - 验证Loss: 0.01309289
2026-02-08 06:19:45 - train_wadi - INFO - 模型已保存到: ./output/wadi/20260208_061902/model.pt (验证Loss改善: 0.01393140 -> 0.01309289)
2026-02-08 06:19:45 - train_wadi - INFO - 模型已备份到: ./pretrained/wadi_model.pt
2026-02-08 06:19:45 - train_wadi - INFO - --------------------------------------------------------------------------------
2026-02-08 06:19:45 - train_wadi - INFO - Epoch 9/100 开始
2026-02-08 06:19:49 - train_wadi - INFO - Epoch 9/100 - 训练Loss: 0.01565629, 累计Loss: 3.36610302
2026-02-08 06:19:49 - train_wadi - INFO - 开始验证...
2026-02-08 06:19:50 - train_wadi - INFO - 验证Loss: 0.01128248
2026-02-08 06:19:50 - train_wadi - INFO - 模型已保存到: ./output/wadi/20260208_061902/model.pt (验证Loss改善: 0.01309289 -> 0.01128248)
2026-02-08 06:19:50 - train_wadi - INFO - 模型已备份到: ./pretrained/wadi_model.pt
2026-02-08 06:19:50 - train_wadi - INFO - --------------------------------------------------------------------------------
2026-02-08 06:19:50 - train_wadi - INFO - Epoch 10/100 开始
2026-02-08 06:19:54 - train_wadi - INFO - Epoch 10/100 - 训练Loss: 0.01562578, 累计Loss: 3.35954271
2026-02-08 06:19:54 - train_wadi - INFO - 开始验证...
2026-02-08 06:19:55 - train_wadi - INFO - 验证Loss: 0.01170023
2026-02-08 06:19:55 - train_wadi - INFO - 验证Loss未改善 (连续未改善次数: 1/15)
2026-02-08 06:19:55 - train_wadi - INFO - --------------------------------------------------------------------------------
2026-02-08 06:19:55 - train_wadi - INFO - Epoch 11/100 开始
2026-02-08 06:20:00 - train_wadi - INFO - Epoch 11/100 - 训练Loss: 0.01514362, 累计Loss: 3.25587751
2026-02-08 06:20:00 - train_wadi - INFO - 开始验证...
2026-02-08 06:20:00 - train_wadi - INFO - 验证Loss: 0.01424253
2026-02-08 06:20:00 - train_wadi - INFO - 验证Loss未改善 (连续未改善次数: 2/15)
2026-02-08 06:20:00 - train_wadi - INFO - --------------------------------------------------------------------------------
2026-02-08 06:20:00 - train_wadi - INFO - Epoch 12/100 开始
2026-02-08 06:20:05 - train_wadi - INFO - Epoch 12/100 - 训练Loss: 0.01556078, 累计Loss: 3.34556697
2026-02-08 06:20:05 - train_wadi - INFO - 开始验证...
2026-02-08 06:20:05 - train_wadi - INFO - 验证Loss: 0.01143601
2026-02-08 06:20:05 - train_wadi - INFO - 验证Loss未改善 (连续未改善次数: 3/15)
2026-02-08 06:20:05 - train_wadi - INFO - --------------------------------------------------------------------------------
2026-02-08 06:20:05 - train_wadi - INFO - Epoch 13/100 开始
2026-02-08 06:20:10 - train_wadi - INFO - Epoch 13/100 - 训练Loss: 0.01445388, 累计Loss: 3.10758415
2026-02-08 06:20:10 - train_wadi - INFO - 开始验证...
2026-02-08 06:20:10 - train_wadi - INFO - 验证Loss: 0.01058849
2026-02-08 06:20:10 - train_wadi - INFO - 模型已保存到: ./output/wadi/20260208_061902/model.pt (验证Loss改善: 0.01128248 -> 0.01058849)
2026-02-08 06:20:10 - train_wadi - INFO - 模型已备份到: ./pretrained/wadi_model.pt
2026-02-08 06:20:10 - train_wadi - INFO - --------------------------------------------------------------------------------
2026-02-08 06:20:10 - train_wadi - INFO - Epoch 14/100 开始
2026-02-08 06:20:15 - train_wadi - INFO - Epoch 14/100 - 训练Loss: 0.01389459, 累计Loss: 2.98733631
2026-02-08 06:20:15 - train_wadi - INFO - 开始验证...
2026-02-08 06:20:15 - train_wadi - INFO - 验证Loss: 0.01043494
2026-02-08 06:20:15 - train_wadi - INFO - 模型已保存到: ./output/wadi/20260208_061902/model.pt (验证Loss改善: 0.01058849 -> 0.01043494)
2026-02-08 06:20:15 - train_wadi - INFO - 模型已备份到: ./pretrained/wadi_model.pt
2026-02-08 06:20:15 - train_wadi - INFO - --------------------------------------------------------------------------------
2026-02-08 06:20:15 - train_wadi - INFO - Epoch 15/100 开始
2026-02-08 06:20:20 - train_wadi - INFO - Epoch 15/100 - 训练Loss: 0.01375658, 累计Loss: 2.95766394
2026-02-08 06:20:20 - train_wadi - INFO - 开始验证...
2026-02-08 06:20:21 - train_wadi - INFO - 验证Loss: 0.01038386
2026-02-08 06:20:21 - train_wadi - INFO - 模型已保存到: ./output/wadi/20260208_061902/model.pt (验证Loss改善: 0.01043494 -> 0.01038386)
2026-02-08 06:20:21 - train_wadi - INFO - 模型已备份到: ./pretrained/wadi_model.pt
2026-02-08 06:20:21 - train_wadi - INFO - --------------------------------------------------------------------------------
2026-02-08 06:20:21 - train_wadi - INFO - Epoch 16/100 开始
2026-02-08 06:20:25 - train_wadi - INFO - Epoch 16/100 - 训练Loss: 0.01346370, 累计Loss: 2.89469504
2026-02-08 06:20:25 - train_wadi - INFO - 开始验证...
2026-02-08 06:20:26 - train_wadi - INFO - 验证Loss: 0.00992151
2026-02-08 06:20:26 - train_wadi - INFO - 模型已保存到: ./output/wadi/20260208_061902/model.pt (验证Loss改善: 0.01038386 -> 0.00992151)
2026-02-08 06:20:26 - train_wadi - INFO - 模型已备份到: ./pretrained/wadi_model.pt
2026-02-08 06:20:26 - train_wadi - INFO - --------------------------------------------------------------------------------
2026-02-08 06:20:26 - train_wadi - INFO - Epoch 17/100 开始
2026-02-08 06:20:31 - train_wadi - INFO - Epoch 17/100 - 训练Loss: 0.01323690, 累计Loss: 2.84593304
2026-02-08 06:20:31 - train_wadi - INFO - 开始验证...
2026-02-08 06:20:31 - train_wadi - INFO - 验证Loss: 0.00921768
2026-02-08 06:20:31 - train_wadi - INFO - 模型已保存到: ./output/wadi/20260208_061902/model.pt (验证Loss改善: 0.00992151 -> 0.00921768)
2026-02-08 06:20:31 - train_wadi - INFO - 模型已备份到: ./pretrained/wadi_model.pt
2026-02-08 06:20:31 - train_wadi - INFO - --------------------------------------------------------------------------------
2026-02-08 06:20:31 - train_wadi - INFO - Epoch 18/100 开始
2026-02-08 06:20:36 - train_wadi - INFO - Epoch 18/100 - 训练Loss: 0.01314029, 累计Loss: 2.82516168
2026-02-08 06:20:36 - train_wadi - INFO - 开始验证...
2026-02-08 06:20:36 - train_wadi - INFO - 验证Loss: 0.00968373
2026-02-08 06:20:36 - train_wadi - INFO - 验证Loss未改善 (连续未改善次数: 1/15)
2026-02-08 06:20:36 - train_wadi - INFO - --------------------------------------------------------------------------------
2026-02-08 06:20:36 - train_wadi - INFO - Epoch 19/100 开始
2026-02-08 06:20:41 - train_wadi - INFO - Epoch 19/100 - 训练Loss: 0.01293457, 累计Loss: 2.78093200
2026-02-08 06:20:41 - train_wadi - INFO - 开始验证...
2026-02-08 06:20:41 - train_wadi - INFO - 验证Loss: 0.00942621
2026-02-08 06:20:41 - train_wadi - INFO - 验证Loss未改善 (连续未改善次数: 2/15)
2026-02-08 06:20:41 - train_wadi - INFO - --------------------------------------------------------------------------------
2026-02-08 06:20:41 - train_wadi - INFO - Epoch 20/100 开始
2026-02-08 06:20:46 - train_wadi - INFO - Epoch 20/100 - 训练Loss: 0.01278459, 累计Loss: 2.74868721
2026-02-08 06:20:46 - train_wadi - INFO - 开始验证...
2026-02-08 06:20:46 - train_wadi - INFO - 验证Loss: 0.00945573
2026-02-08 06:20:46 - train_wadi - INFO - 验证Loss未改善 (连续未改善次数: 3/15)
2026-02-08 06:20:46 - train_wadi - INFO - --------------------------------------------------------------------------------
2026-02-08 06:20:46 - train_wadi - INFO - Epoch 21/100 开始
2026-02-08 06:20:51 - train_wadi - INFO - Epoch 21/100 - 训练Loss: 0.01270420, 累计Loss: 2.73140312
2026-02-08 06:20:51 - train_wadi - INFO - 开始验证...
2026-02-08 06:20:52 - train_wadi - INFO - 验证Loss: 0.00907487
2026-02-08 06:20:52 - train_wadi - INFO - 模型已保存到: ./output/wadi/20260208_061902/model.pt (验证Loss改善: 0.00921768 -> 0.00907487)
2026-02-08 06:20:52 - train_wadi - INFO - 模型已备份到: ./pretrained/wadi_model.pt
2026-02-08 06:20:52 - train_wadi - INFO - --------------------------------------------------------------------------------
2026-02-08 06:20:52 - train_wadi - INFO - Epoch 22/100 开始
2026-02-08 06:20:56 - train_wadi - INFO - Epoch 22/100 - 训练Loss: 0.01236999, 累计Loss: 2.65954853
2026-02-08 06:20:56 - train_wadi - INFO - 开始验证...
2026-02-08 06:20:57 - train_wadi - INFO - 验证Loss: 0.00895272
2026-02-08 06:20:57 - train_wadi - INFO - 模型已保存到: ./output/wadi/20260208_061902/model.pt (验证Loss改善: 0.00907487 -> 0.00895272)
2026-02-08 06:20:57 - train_wadi - INFO - 模型已备份到: ./pretrained/wadi_model.pt
2026-02-08 06:20:57 - train_wadi - INFO - --------------------------------------------------------------------------------
2026-02-08 06:20:57 - train_wadi - INFO - Epoch 23/100 开始
2026-02-08 06:21:02 - train_wadi - INFO - Epoch 23/100 - 训练Loss: 0.01222290, 累计Loss: 2.62792370
2026-02-08 06:21:02 - train_wadi - INFO - 开始验证...
2026-02-08 06:21:02 - train_wadi - INFO - 验证Loss: 0.00868721
2026-02-08 06:21:02 - train_wadi - INFO - 模型已保存到: ./output/wadi/20260208_061902/model.pt (验证Loss改善: 0.00895272 -> 0.00868721)
2026-02-08 06:21:02 - train_wadi - INFO - 模型已备份到: ./pretrained/wadi_model.pt
2026-02-08 06:21:02 - train_wadi - INFO - --------------------------------------------------------------------------------
2026-02-08 06:21:02 - train_wadi - INFO - Epoch 24/100 开始
2026-02-08 06:21:07 - train_wadi - INFO - Epoch 24/100 - 训练Loss: 0.01199250, 累计Loss: 2.57838801
2026-02-08 06:21:07 - train_wadi - INFO - 开始验证...
2026-02-08 06:21:07 - train_wadi - INFO - 验证Loss: 0.00833492
2026-02-08 06:21:07 - train_wadi - INFO - 模型已保存到: ./output/wadi/20260208_061902/model.pt (验证Loss改善: 0.00868721 -> 0.00833492)
2026-02-08 06:21:07 - train_wadi - INFO - 模型已备份到: ./pretrained/wadi_model.pt
2026-02-08 06:21:07 - train_wadi - INFO - --------------------------------------------------------------------------------
2026-02-08 06:21:07 - train_wadi - INFO - Epoch 25/100 开始
2026-02-08 06:21:12 - train_wadi - INFO - Epoch 25/100 - 训练Loss: 0.01157748, 累计Loss: 2.48915857
2026-02-08 06:21:12 - train_wadi - INFO - 开始验证...
2026-02-08 06:21:12 - train_wadi - INFO - 验证Loss: 0.00786656
2026-02-08 06:21:12 - train_wadi - INFO - 模型已保存到: ./output/wadi/20260208_061902/model.pt (验证Loss改善: 0.00833492 -> 0.00786656)
2026-02-08 06:21:12 - train_wadi - INFO - 模型已备份到: ./pretrained/wadi_model.pt
2026-02-08 06:21:12 - train_wadi - INFO - --------------------------------------------------------------------------------
2026-02-08 06:21:12 - train_wadi - INFO - Epoch 26/100 开始
2026-02-08 06:21:17 - train_wadi - INFO - Epoch 26/100 - 训练Loss: 0.01140108, 累计Loss: 2.45123118
2026-02-08 06:21:17 - train_wadi - INFO - 开始验证...
2026-02-08 06:21:17 - train_wadi - INFO - 验证Loss: 0.00779931
2026-02-08 06:21:17 - train_wadi - INFO - 模型已保存到: ./output/wadi/20260208_061902/model.pt (验证Loss改善: 0.00786656 -> 0.00779931)
2026-02-08 06:21:17 - train_wadi - INFO - 模型已备份到: ./pretrained/wadi_model.pt
2026-02-08 06:21:17 - train_wadi - INFO - --------------------------------------------------------------------------------
2026-02-08 06:21:17 - train_wadi - INFO - Epoch 27/100 开始
2026-02-08 06:21:22 - train_wadi - INFO - Epoch 27/100 - 训练Loss: 0.01123919, 累计Loss: 2.41642615
2026-02-08 06:21:22 - train_wadi - INFO - 开始验证...
2026-02-08 06:21:23 - train_wadi - INFO - 验证Loss: 0.00768482
2026-02-08 06:21:23 - train_wadi - INFO - 模型已保存到: ./output/wadi/20260208_061902/model.pt (验证Loss改善: 0.00779931 -> 0.00768482)
2026-02-08 06:21:23 - train_wadi - INFO - 模型已备份到: ./pretrained/wadi_model.pt
2026-02-08 06:21:23 - train_wadi - INFO - --------------------------------------------------------------------------------
2026-02-08 06:21:23 - train_wadi - INFO - Epoch 28/100 开始
2026-02-08 06:21:27 - train_wadi - INFO - Epoch 28/100 - 训练Loss: 0.01119192, 累计Loss: 2.40626206
2026-02-08 06:21:27 - train_wadi - INFO - 开始验证...
2026-02-08 06:21:27 - train_wadi - INFO - 验证Loss: 0.00740063
2026-02-08 06:21:27 - train_wadi - INFO - 模型已保存到: ./output/wadi/20260208_061902/model.pt (验证Loss改善: 0.00768482 -> 0.00740063)
2026-02-08 06:21:27 - train_wadi - INFO - 模型已备份到: ./pretrained/wadi_model.pt
2026-02-08 06:21:27 - train_wadi - INFO - --------------------------------------------------------------------------------
2026-02-08 06:21:27 - train_wadi - INFO - Epoch 29/100 开始
2026-02-08 06:21:32 - train_wadi - INFO - Epoch 29/100 - 训练Loss: 0.01115217, 累计Loss: 2.39771698
2026-02-08 06:21:32 - train_wadi - INFO - 开始验证...
2026-02-08 06:21:32 - train_wadi - INFO - 验证Loss: 0.00788245
2026-02-08 06:21:32 - train_wadi - INFO - 验证Loss未改善 (连续未改善次数: 1/15)
2026-02-08 06:21:32 - train_wadi - INFO - --------------------------------------------------------------------------------
2026-02-08 06:21:32 - train_wadi - INFO - Epoch 30/100 开始
2026-02-08 06:21:37 - train_wadi - INFO - Epoch 30/100 - 训练Loss: 0.01121055, 累计Loss: 2.41026816
2026-02-08 06:21:37 - train_wadi - INFO - 开始验证...
2026-02-08 06:21:37 - train_wadi - INFO - 验证Loss: 0.00822898
2026-02-08 06:21:37 - train_wadi - INFO - 验证Loss未改善 (连续未改善次数: 2/15)
2026-02-08 06:21:37 - train_wadi - INFO - --------------------------------------------------------------------------------
2026-02-08 06:21:37 - train_wadi - INFO - Epoch 31/100 开始
2026-02-08 06:21:41 - train_wadi - INFO - Epoch 31/100 - 训练Loss: 0.01121139, 累计Loss: 2.41044782
2026-02-08 06:21:41 - train_wadi - INFO - 开始验证...
2026-02-08 06:21:42 - train_wadi - INFO - 验证Loss: 0.00833169
2026-02-08 06:21:42 - train_wadi - INFO - 验证Loss未改善 (连续未改善次数: 3/15)
2026-02-08 06:21:42 - train_wadi - INFO - --------------------------------------------------------------------------------
2026-02-08 06:21:42 - train_wadi - INFO - Epoch 32/100 开始
2026-02-08 06:21:46 - train_wadi - INFO - Epoch 32/100 - 训练Loss: 0.01115293, 累计Loss: 2.39787947
2026-02-08 06:21:46 - train_wadi - INFO - 开始验证...
2026-02-08 06:21:47 - train_wadi - INFO - 验证Loss: 0.00789656
2026-02-08 06:21:47 - train_wadi - INFO - 验证Loss未改善 (连续未改善次数: 4/15)
2026-02-08 06:21:47 - train_wadi - INFO - --------------------------------------------------------------------------------
2026-02-08 06:21:47 - train_wadi - INFO - Epoch 33/100 开始
2026-02-08 06:21:51 - train_wadi - INFO - Epoch 33/100 - 训练Loss: 0.01132817, 累计Loss: 2.43555690
2026-02-08 06:21:51 - train_wadi - INFO - 开始验证...
2026-02-08 06:21:51 - train_wadi - INFO - 验证Loss: 0.00768460
2026-02-08 06:21:51 - train_wadi - INFO - 验证Loss未改善 (连续未改善次数: 5/15)
2026-02-08 06:21:51 - train_wadi - INFO - --------------------------------------------------------------------------------
2026-02-08 06:21:51 - train_wadi - INFO - Epoch 34/100 开始
2026-02-08 06:21:56 - train_wadi - INFO - Epoch 34/100 - 训练Loss: 0.01140851, 累计Loss: 2.45282866
2026-02-08 06:21:56 - train_wadi - INFO - 开始验证...
2026-02-08 06:21:56 - train_wadi - INFO - 验证Loss: 0.00833462
2026-02-08 06:21:56 - train_wadi - INFO - 验证Loss未改善 (连续未改善次数: 6/15)
2026-02-08 06:21:56 - train_wadi - INFO - --------------------------------------------------------------------------------
2026-02-08 06:21:56 - train_wadi - INFO - Epoch 35/100 开始
2026-02-08 06:22:01 - train_wadi - INFO - Epoch 35/100 - 训练Loss: 0.01156922, 累计Loss: 2.48738315
2026-02-08 06:22:01 - train_wadi - INFO - 开始验证...
2026-02-08 06:22:01 - train_wadi - INFO - 验证Loss: 0.00825101
2026-02-08 06:22:01 - train_wadi - INFO - 验证Loss未改善 (连续未改善次数: 7/15)
2026-02-08 06:22:01 - train_wadi - INFO - --------------------------------------------------------------------------------
2026-02-08 06:22:01 - train_wadi - INFO - Epoch 36/100 开始
2026-02-08 06:22:05 - train_wadi - INFO - Epoch 36/100 - 训练Loss: 0.01162055, 累计Loss: 2.49841780
2026-02-08 06:22:05 - train_wadi - INFO - 开始验证...
2026-02-08 06:22:06 - train_wadi - INFO - 验证Loss: 0.00794798
2026-02-08 06:22:06 - train_wadi - INFO - 验证Loss未改善 (连续未改善次数: 8/15)
2026-02-08 06:22:06 - train_wadi - INFO - --------------------------------------------------------------------------------
2026-02-08 06:22:06 - train_wadi - INFO - Epoch 37/100 开始
2026-02-08 06:22:10 - train_wadi - INFO - Epoch 37/100 - 训练Loss: 0.01188141, 累计Loss: 2.55450398
2026-02-08 06:22:10 - train_wadi - INFO - 开始验证...
2026-02-08 06:22:11 - train_wadi - INFO - 验证Loss: 0.00920610
2026-02-08 06:22:11 - train_wadi - INFO - 验证Loss未改善 (连续未改善次数: 9/15)
2026-02-08 06:22:11 - train_wadi - INFO - --------------------------------------------------------------------------------
2026-02-08 06:22:11 - train_wadi - INFO - Epoch 38/100 开始
2026-02-08 06:22:15 - train_wadi - INFO - Epoch 38/100 - 训练Loss: 0.01211684, 累计Loss: 2.60512121
2026-02-08 06:22:15 - train_wadi - INFO - 开始验证...
2026-02-08 06:22:15 - train_wadi - INFO - 验证Loss: 0.00844058
2026-02-08 06:22:15 - train_wadi - INFO - 验证Loss未改善 (连续未改善次数: 10/15)
2026-02-08 06:22:15 - train_wadi - INFO - --------------------------------------------------------------------------------
2026-02-08 06:22:15 - train_wadi - INFO - Epoch 39/100 开始
2026-02-08 06:22:20 - train_wadi - INFO - Epoch 39/100 - 训练Loss: 0.01200082, 累计Loss: 2.58017728
2026-02-08 06:22:20 - train_wadi - INFO - 开始验证...
2026-02-08 06:22:20 - train_wadi - INFO - 验证Loss: 0.00875050
2026-02-08 06:22:20 - train_wadi - INFO - 验证Loss未改善 (连续未改善次数: 11/15)
2026-02-08 06:22:20 - train_wadi - INFO - --------------------------------------------------------------------------------
2026-02-08 06:22:20 - train_wadi - INFO - Epoch 40/100 开始
2026-02-08 06:22:24 - train_wadi - INFO - Epoch 40/100 - 训练Loss: 0.01185828, 累计Loss: 2.54952913
2026-02-08 06:22:24 - train_wadi - INFO - 开始验证...
2026-02-08 06:22:25 - train_wadi - INFO - 验证Loss: 0.00869182
2026-02-08 06:22:25 - train_wadi - INFO - 验证Loss未改善 (连续未改善次数: 12/15)
2026-02-08 06:22:25 - train_wadi - INFO - --------------------------------------------------------------------------------
2026-02-08 06:22:25 - train_wadi - INFO - Epoch 41/100 开始
2026-02-08 06:22:29 - train_wadi - INFO - Epoch 41/100 - 训练Loss: 0.01195784, 累计Loss: 2.57093517
2026-02-08 06:22:29 - train_wadi - INFO - 开始验证...
2026-02-08 06:22:30 - train_wadi - INFO - 验证Loss: 0.00794174
2026-02-08 06:22:30 - train_wadi - INFO - 验证Loss未改善 (连续未改善次数: 13/15)
2026-02-08 06:22:30 - train_wadi - INFO - --------------------------------------------------------------------------------
2026-02-08 06:22:30 - train_wadi - INFO - Epoch 42/100 开始
2026-02-08 06:22:34 - train_wadi - INFO - Epoch 42/100 - 训练Loss: 0.01160049, 累计Loss: 2.49410574
2026-02-08 06:22:34 - train_wadi - INFO - 开始验证...
2026-02-08 06:22:34 - train_wadi - INFO - 验证Loss: 0.00905812
2026-02-08 06:22:34 - train_wadi - INFO - 验证Loss未改善 (连续未改善次数: 14/15)
2026-02-08 06:22:34 - train_wadi - INFO - --------------------------------------------------------------------------------
2026-02-08 06:22:34 - train_wadi - INFO - Epoch 43/100 开始
2026-02-08 06:22:39 - train_wadi - INFO - Epoch 43/100 - 训练Loss: 0.01215932, 累计Loss: 2.61425450
2026-02-08 06:22:39 - train_wadi - INFO - 开始验证...
2026-02-08 06:22:39 - train_wadi - INFO - 验证Loss: 0.00862527
2026-02-08 06:22:39 - train_wadi - INFO - 验证Loss未改善 (连续未改善次数: 15/15)
2026-02-08 06:22:39 - train_wadi - INFO - 触发早停: 连续 15 轮验证Loss未改善
2026-02-08 06:22:39 - train_wadi - INFO - ================================================================================
2026-02-08 06:22:39 - train_wadi - INFO - 训练完成
2026-02-08 06:22:39 - train_wadi - INFO - 最佳Loss: 0.00740063
2026-02-08 06:22:39 - train_wadi - INFO - 训练总轮数: 43
2026-02-08 06:22:39 - train_wadi - INFO - ================================================================================
