2026-02-06 07:14:38 - train_wadi - INFO - ================================================================================
2026-02-06 07:14:38 - train_wadi - INFO - 开始训练
2026-02-06 07:14:38 - train_wadi - INFO - ================================================================================
2026-02-06 07:14:38 - train_wadi - INFO - 数据集: wadi
2026-02-06 07:14:38 - train_wadi - INFO - 模型保存路径: ./output/wadi/20260206_071438/model.pt
2026-02-06 07:14:38 - train_wadi - INFO - 训练配置: {'batch': 128, 'epoch': 100, 'slide_win': 15, 'dim': 64, 'slide_stride': 5, 'comment': '', 'seed': 0, 'out_layer_num': 1, 'out_layer_inter_dim': 256, 'decay': 0.0001, 'val_ratio': 0.1, 'topk': 20}
2026-02-06 07:14:38 - train_wadi - INFO - 训练数据集大小: 15682
2026-02-06 07:14:38 - train_wadi - INFO - 训练批次数: 111
2026-02-06 07:14:38 - train_wadi - INFO - 验证批次数: 13
2026-02-06 07:14:38 - train_wadi - INFO - 使用设备: cuda
2026-02-06 07:14:38 - train_wadi - INFO - 总训练轮数: 100
2026-02-06 07:14:38 - train_wadi - INFO - 早停窗口: 15
2026-02-06 07:14:38 - train_wadi - INFO - --------------------------------------------------------------------------------
2026-02-06 07:14:38 - train_wadi - INFO - Epoch 1/100 开始
2026-02-06 07:14:43 - train_wadi - INFO - Epoch 1/100 - 训练Loss: 0.08608159, 累计Loss: 9.55505661
2026-02-06 07:14:43 - train_wadi - INFO - 开始验证...
2026-02-06 07:14:44 - train_wadi - INFO - 验证Loss: 0.02984846
2026-02-06 07:14:44 - train_wadi - INFO - 模型已保存到: ./output/wadi/20260206_071438/model.pt (验证Loss改善: 100000000.00000000 -> 0.02984846)
2026-02-06 07:14:44 - train_wadi - INFO - 模型已备份到: ./pretrained/wadi_model.pt
2026-02-06 07:14:44 - train_wadi - INFO - --------------------------------------------------------------------------------
2026-02-06 07:14:44 - train_wadi - INFO - Epoch 2/100 开始
2026-02-06 07:14:49 - train_wadi - INFO - Epoch 2/100 - 训练Loss: 0.03107744, 累计Loss: 3.44959636
2026-02-06 07:14:49 - train_wadi - INFO - 开始验证...
2026-02-06 07:14:50 - train_wadi - INFO - 验证Loss: 0.01952770
2026-02-06 07:14:50 - train_wadi - INFO - 模型已保存到: ./output/wadi/20260206_071438/model.pt (验证Loss改善: 0.02984846 -> 0.01952770)
2026-02-06 07:14:50 - train_wadi - INFO - 模型已备份到: ./pretrained/wadi_model.pt
2026-02-06 07:14:50 - train_wadi - INFO - --------------------------------------------------------------------------------
2026-02-06 07:14:50 - train_wadi - INFO - Epoch 3/100 开始
2026-02-06 07:14:55 - train_wadi - INFO - Epoch 3/100 - 训练Loss: 0.02038296, 累计Loss: 2.26250889
2026-02-06 07:14:55 - train_wadi - INFO - 开始验证...
2026-02-06 07:14:56 - train_wadi - INFO - 验证Loss: 0.01420040
2026-02-06 07:14:56 - train_wadi - INFO - 模型已保存到: ./output/wadi/20260206_071438/model.pt (验证Loss改善: 0.01952770 -> 0.01420040)
2026-02-06 07:14:56 - train_wadi - INFO - 模型已备份到: ./pretrained/wadi_model.pt
2026-02-06 07:14:56 - train_wadi - INFO - --------------------------------------------------------------------------------
2026-02-06 07:14:56 - train_wadi - INFO - Epoch 4/100 开始
2026-02-06 07:15:01 - train_wadi - INFO - Epoch 4/100 - 训练Loss: 0.01534590, 累计Loss: 1.70339456
2026-02-06 07:15:01 - train_wadi - INFO - 开始验证...
2026-02-06 07:15:01 - train_wadi - INFO - 验证Loss: 0.01206478
2026-02-06 07:15:01 - train_wadi - INFO - 模型已保存到: ./output/wadi/20260206_071438/model.pt (验证Loss改善: 0.01420040 -> 0.01206478)
2026-02-06 07:15:01 - train_wadi - INFO - 模型已备份到: ./pretrained/wadi_model.pt
2026-02-06 07:15:01 - train_wadi - INFO - --------------------------------------------------------------------------------
2026-02-06 07:15:01 - train_wadi - INFO - Epoch 5/100 开始
2026-02-06 07:15:06 - train_wadi - INFO - Epoch 5/100 - 训练Loss: 0.01376451, 累计Loss: 1.52786094
2026-02-06 07:15:06 - train_wadi - INFO - 开始验证...
2026-02-06 07:15:06 - train_wadi - INFO - 验证Loss: 0.01083295
2026-02-06 07:15:06 - train_wadi - INFO - 模型已保存到: ./output/wadi/20260206_071438/model.pt (验证Loss改善: 0.01206478 -> 0.01083295)
2026-02-06 07:15:06 - train_wadi - INFO - 模型已备份到: ./pretrained/wadi_model.pt
2026-02-06 07:15:06 - train_wadi - INFO - --------------------------------------------------------------------------------
2026-02-06 07:15:06 - train_wadi - INFO - Epoch 6/100 开始
2026-02-06 07:15:11 - train_wadi - INFO - Epoch 6/100 - 训练Loss: 0.01351100, 累计Loss: 1.49972099
2026-02-06 07:15:11 - train_wadi - INFO - 开始验证...
2026-02-06 07:15:12 - train_wadi - INFO - 验证Loss: 0.01112711
2026-02-06 07:15:12 - train_wadi - INFO - 验证Loss未改善 (连续未改善次数: 1/15)
2026-02-06 07:15:12 - train_wadi - INFO - --------------------------------------------------------------------------------
2026-02-06 07:15:12 - train_wadi - INFO - Epoch 7/100 开始
2026-02-06 07:15:17 - train_wadi - INFO - Epoch 7/100 - 训练Loss: 0.01345098, 累计Loss: 1.49305884
2026-02-06 07:15:17 - train_wadi - INFO - 开始验证...
2026-02-06 07:15:17 - train_wadi - INFO - 验证Loss: 0.01054114
2026-02-06 07:15:17 - train_wadi - INFO - 模型已保存到: ./output/wadi/20260206_071438/model.pt (验证Loss改善: 0.01083295 -> 0.01054114)
2026-02-06 07:15:17 - train_wadi - INFO - 模型已备份到: ./pretrained/wadi_model.pt
2026-02-06 07:15:17 - train_wadi - INFO - --------------------------------------------------------------------------------
2026-02-06 07:15:17 - train_wadi - INFO - Epoch 8/100 开始
2026-02-06 07:15:22 - train_wadi - INFO - Epoch 8/100 - 训练Loss: 0.01230314, 累计Loss: 1.36564882
2026-02-06 07:15:22 - train_wadi - INFO - 开始验证...
2026-02-06 07:15:22 - train_wadi - INFO - 验证Loss: 0.01031103
2026-02-06 07:15:22 - train_wadi - INFO - 模型已保存到: ./output/wadi/20260206_071438/model.pt (验证Loss改善: 0.01054114 -> 0.01031103)
2026-02-06 07:15:22 - train_wadi - INFO - 模型已备份到: ./pretrained/wadi_model.pt
2026-02-06 07:15:22 - train_wadi - INFO - --------------------------------------------------------------------------------
2026-02-06 07:15:22 - train_wadi - INFO - Epoch 9/100 开始
2026-02-06 07:15:27 - train_wadi - INFO - Epoch 9/100 - 训练Loss: 0.01282888, 累计Loss: 1.42400614
2026-02-06 07:15:27 - train_wadi - INFO - 开始验证...
2026-02-06 07:15:28 - train_wadi - INFO - 验证Loss: 0.01176024
2026-02-06 07:15:28 - train_wadi - INFO - 验证Loss未改善 (连续未改善次数: 1/15)
2026-02-06 07:15:28 - train_wadi - INFO - --------------------------------------------------------------------------------
2026-02-06 07:15:28 - train_wadi - INFO - Epoch 10/100 开始
2026-02-06 07:15:33 - train_wadi - INFO - Epoch 10/100 - 训练Loss: 0.01227225, 累计Loss: 1.36222009
2026-02-06 07:15:33 - train_wadi - INFO - 开始验证...
2026-02-06 07:15:33 - train_wadi - INFO - 验证Loss: 0.01018795
2026-02-06 07:15:33 - train_wadi - INFO - 模型已保存到: ./output/wadi/20260206_071438/model.pt (验证Loss改善: 0.01031103 -> 0.01018795)
2026-02-06 07:15:33 - train_wadi - INFO - 模型已备份到: ./pretrained/wadi_model.pt
2026-02-06 07:15:33 - train_wadi - INFO - --------------------------------------------------------------------------------
2026-02-06 07:15:33 - train_wadi - INFO - Epoch 11/100 开始
2026-02-06 07:15:38 - train_wadi - INFO - Epoch 11/100 - 训练Loss: 0.01205657, 累计Loss: 1.33827880
2026-02-06 07:15:38 - train_wadi - INFO - 开始验证...
2026-02-06 07:15:38 - train_wadi - INFO - 验证Loss: 0.01123832
2026-02-06 07:15:38 - train_wadi - INFO - 验证Loss未改善 (连续未改善次数: 1/15)
2026-02-06 07:15:38 - train_wadi - INFO - --------------------------------------------------------------------------------
2026-02-06 07:15:38 - train_wadi - INFO - Epoch 12/100 开始
2026-02-06 07:15:43 - train_wadi - INFO - Epoch 12/100 - 训练Loss: 0.01183563, 累计Loss: 1.31375483
2026-02-06 07:15:43 - train_wadi - INFO - 开始验证...
2026-02-06 07:15:44 - train_wadi - INFO - 验证Loss: 0.01146909
2026-02-06 07:15:44 - train_wadi - INFO - 验证Loss未改善 (连续未改善次数: 2/15)
2026-02-06 07:15:44 - train_wadi - INFO - --------------------------------------------------------------------------------
2026-02-06 07:15:44 - train_wadi - INFO - Epoch 13/100 开始
2026-02-06 07:15:49 - train_wadi - INFO - Epoch 13/100 - 训练Loss: 0.01196550, 累计Loss: 1.32817083
2026-02-06 07:15:49 - train_wadi - INFO - 开始验证...
2026-02-06 07:15:49 - train_wadi - INFO - 验证Loss: 0.01138124
2026-02-06 07:15:49 - train_wadi - INFO - 验证Loss未改善 (连续未改善次数: 3/15)
2026-02-06 07:15:49 - train_wadi - INFO - --------------------------------------------------------------------------------
2026-02-06 07:15:49 - train_wadi - INFO - Epoch 14/100 开始
2026-02-06 07:15:54 - train_wadi - INFO - Epoch 14/100 - 训练Loss: 0.01200081, 累计Loss: 1.33208972
2026-02-06 07:15:54 - train_wadi - INFO - 开始验证...
2026-02-06 07:15:54 - train_wadi - INFO - 验证Loss: 0.01088887
2026-02-06 07:15:54 - train_wadi - INFO - 验证Loss未改善 (连续未改善次数: 4/15)
2026-02-06 07:15:54 - train_wadi - INFO - --------------------------------------------------------------------------------
2026-02-06 07:15:54 - train_wadi - INFO - Epoch 15/100 开始
2026-02-06 07:15:59 - train_wadi - INFO - Epoch 15/100 - 训练Loss: 0.01193210, 累计Loss: 1.32446295
2026-02-06 07:15:59 - train_wadi - INFO - 开始验证...
2026-02-06 07:16:00 - train_wadi - INFO - 验证Loss: 0.01144148
2026-02-06 07:16:00 - train_wadi - INFO - 验证Loss未改善 (连续未改善次数: 5/15)
2026-02-06 07:16:00 - train_wadi - INFO - --------------------------------------------------------------------------------
2026-02-06 07:16:00 - train_wadi - INFO - Epoch 16/100 开始
2026-02-06 07:16:05 - train_wadi - INFO - Epoch 16/100 - 训练Loss: 0.01216958, 累计Loss: 1.35082304
2026-02-06 07:16:05 - train_wadi - INFO - 开始验证...
2026-02-06 07:16:05 - train_wadi - INFO - 验证Loss: 0.01153560
2026-02-06 07:16:05 - train_wadi - INFO - 验证Loss未改善 (连续未改善次数: 6/15)
2026-02-06 07:16:05 - train_wadi - INFO - --------------------------------------------------------------------------------
2026-02-06 07:16:05 - train_wadi - INFO - Epoch 17/100 开始
2026-02-06 07:16:10 - train_wadi - INFO - Epoch 17/100 - 训练Loss: 0.01146664, 累计Loss: 1.27279655
2026-02-06 07:16:10 - train_wadi - INFO - 开始验证...
2026-02-06 07:16:10 - train_wadi - INFO - 验证Loss: 0.01119565
2026-02-06 07:16:10 - train_wadi - INFO - 验证Loss未改善 (连续未改善次数: 7/15)
2026-02-06 07:16:10 - train_wadi - INFO - --------------------------------------------------------------------------------
2026-02-06 07:16:10 - train_wadi - INFO - Epoch 18/100 开始
2026-02-06 07:16:15 - train_wadi - INFO - Epoch 18/100 - 训练Loss: 0.01151793, 累计Loss: 1.27849005
2026-02-06 07:16:15 - train_wadi - INFO - 开始验证...
2026-02-06 07:16:16 - train_wadi - INFO - 验证Loss: 0.01094600
2026-02-06 07:16:16 - train_wadi - INFO - 验证Loss未改善 (连续未改善次数: 8/15)
2026-02-06 07:16:16 - train_wadi - INFO - --------------------------------------------------------------------------------
2026-02-06 07:16:16 - train_wadi - INFO - Epoch 19/100 开始
2026-02-06 07:16:21 - train_wadi - INFO - Epoch 19/100 - 训练Loss: 0.01140292, 累计Loss: 1.26572465
2026-02-06 07:16:21 - train_wadi - INFO - 开始验证...
2026-02-06 07:16:21 - train_wadi - INFO - 验证Loss: 0.01097283
2026-02-06 07:16:21 - train_wadi - INFO - 验证Loss未改善 (连续未改善次数: 9/15)
2026-02-06 07:16:21 - train_wadi - INFO - --------------------------------------------------------------------------------
2026-02-06 07:16:21 - train_wadi - INFO - Epoch 20/100 开始
2026-02-06 07:16:26 - train_wadi - INFO - Epoch 20/100 - 训练Loss: 0.01149169, 累计Loss: 1.27557799
2026-02-06 07:16:26 - train_wadi - INFO - 开始验证...
2026-02-06 07:16:26 - train_wadi - INFO - 验证Loss: 0.01103741
2026-02-06 07:16:26 - train_wadi - INFO - 验证Loss未改善 (连续未改善次数: 10/15)
2026-02-06 07:16:26 - train_wadi - INFO - --------------------------------------------------------------------------------
2026-02-06 07:16:26 - train_wadi - INFO - Epoch 21/100 开始
2026-02-06 07:16:31 - train_wadi - INFO - Epoch 21/100 - 训练Loss: 0.01178718, 累计Loss: 1.30837749
2026-02-06 07:16:31 - train_wadi - INFO - 开始验证...
2026-02-06 07:16:32 - train_wadi - INFO - 验证Loss: 0.01141166
2026-02-06 07:16:32 - train_wadi - INFO - 验证Loss未改善 (连续未改善次数: 11/15)
2026-02-06 07:16:32 - train_wadi - INFO - --------------------------------------------------------------------------------
2026-02-06 07:16:32 - train_wadi - INFO - Epoch 22/100 开始
2026-02-06 07:16:37 - train_wadi - INFO - Epoch 22/100 - 训练Loss: 0.01145130, 累计Loss: 1.27109425
2026-02-06 07:16:37 - train_wadi - INFO - 开始验证...
2026-02-06 07:16:37 - train_wadi - INFO - 验证Loss: 0.01074771
2026-02-06 07:16:37 - train_wadi - INFO - 验证Loss未改善 (连续未改善次数: 12/15)
2026-02-06 07:16:37 - train_wadi - INFO - --------------------------------------------------------------------------------
2026-02-06 07:16:37 - train_wadi - INFO - Epoch 23/100 开始
2026-02-06 07:16:42 - train_wadi - INFO - Epoch 23/100 - 训练Loss: 0.01138002, 累计Loss: 1.26318180
2026-02-06 07:16:42 - train_wadi - INFO - 开始验证...
2026-02-06 07:16:43 - train_wadi - INFO - 验证Loss: 0.01165914
2026-02-06 07:16:43 - train_wadi - INFO - 验证Loss未改善 (连续未改善次数: 13/15)
2026-02-06 07:16:43 - train_wadi - INFO - --------------------------------------------------------------------------------
2026-02-06 07:16:43 - train_wadi - INFO - Epoch 24/100 开始
2026-02-06 07:16:48 - train_wadi - INFO - Epoch 24/100 - 训练Loss: 0.01139054, 累计Loss: 1.26435046
2026-02-06 07:16:48 - train_wadi - INFO - 开始验证...
2026-02-06 07:16:48 - train_wadi - INFO - 验证Loss: 0.01160541
2026-02-06 07:16:48 - train_wadi - INFO - 验证Loss未改善 (连续未改善次数: 14/15)
2026-02-06 07:16:48 - train_wadi - INFO - --------------------------------------------------------------------------------
2026-02-06 07:16:48 - train_wadi - INFO - Epoch 25/100 开始
2026-02-06 07:16:53 - train_wadi - INFO - Epoch 25/100 - 训练Loss: 0.01188793, 累计Loss: 1.31956021
2026-02-06 07:16:53 - train_wadi - INFO - 开始验证...
2026-02-06 07:16:53 - train_wadi - INFO - 验证Loss: 0.01204372
2026-02-06 07:16:53 - train_wadi - INFO - 验证Loss未改善 (连续未改善次数: 15/15)
2026-02-06 07:16:53 - train_wadi - INFO - 触发早停: 连续 15 轮验证Loss未改善
2026-02-06 07:16:53 - train_wadi - INFO - ================================================================================
2026-02-06 07:16:53 - train_wadi - INFO - 训练完成
2026-02-06 07:16:53 - train_wadi - INFO - 最佳Loss: 0.01018795
2026-02-06 07:16:53 - train_wadi - INFO - 训练总轮数: 25
2026-02-06 07:16:53 - train_wadi - INFO - ================================================================================
