2026-02-06 06:27:50 - train_swat - INFO - ================================================================================
2026-02-06 06:27:50 - train_swat - INFO - 开始训练
2026-02-06 06:27:50 - train_swat - INFO - ================================================================================
2026-02-06 06:27:50 - train_swat - INFO - 数据集: swat
2026-02-06 06:27:50 - train_swat - INFO - 模型保存路径: ./output/swat/20260206_062750/model.pt
2026-02-06 06:27:50 - train_swat - INFO - 训练配置: {'batch': 128, 'epoch': 100, 'slide_win': 15, 'dim': 64, 'slide_stride': 5, 'comment': '', 'seed': 0, 'out_layer_num': 1, 'out_layer_inter_dim': 256, 'decay': 0.0001, 'val_ratio': 0.1, 'topk': 20}
2026-02-06 06:27:50 - train_swat - INFO - 训练数据集大小: 9033
2026-02-06 06:27:50 - train_swat - INFO - 训练批次数: 64
2026-02-06 06:27:50 - train_swat - INFO - 验证批次数: 8
2026-02-06 06:27:50 - train_swat - INFO - 使用设备: cuda
2026-02-06 06:27:50 - train_swat - INFO - 总训练轮数: 100
2026-02-06 06:27:50 - train_swat - INFO - 早停窗口: 15
2026-02-06 06:27:50 - train_swat - INFO - --------------------------------------------------------------------------------
2026-02-06 06:27:50 - train_swat - INFO - Epoch 1/100 开始
2026-02-06 06:27:52 - train_swat - INFO - Epoch 1/100 - 训练Loss: 0.12873679, 累计Loss: 8.23915461
2026-02-06 06:27:52 - train_swat - INFO - 开始验证...
2026-02-06 06:27:52 - train_swat - INFO - 验证Loss: 0.07581784
2026-02-06 06:27:52 - train_swat - INFO - 模型已保存到: ./output/swat/20260206_062750/model.pt (验证Loss改善: 100000000.00000000 -> 0.07581784)
2026-02-06 06:27:52 - train_swat - INFO - 模型已备份到: ./pretrained/swat_model.pt
2026-02-06 06:27:52 - train_swat - INFO - --------------------------------------------------------------------------------
2026-02-06 06:27:52 - train_swat - INFO - Epoch 2/100 开始
2026-02-06 06:27:53 - train_swat - INFO - Epoch 2/100 - 训练Loss: 0.05379913, 累计Loss: 3.44314420
2026-02-06 06:27:53 - train_swat - INFO - 开始验证...
2026-02-06 06:27:53 - train_swat - INFO - 验证Loss: 0.03393655
2026-02-06 06:27:53 - train_swat - INFO - 模型已保存到: ./output/swat/20260206_062750/model.pt (验证Loss改善: 0.07581784 -> 0.03393655)
2026-02-06 06:27:53 - train_swat - INFO - 模型已备份到: ./pretrained/swat_model.pt
2026-02-06 06:27:53 - train_swat - INFO - --------------------------------------------------------------------------------
2026-02-06 06:27:53 - train_swat - INFO - Epoch 3/100 开始
2026-02-06 06:27:55 - train_swat - INFO - Epoch 3/100 - 训练Loss: 0.03616805, 累计Loss: 2.31475488
2026-02-06 06:27:55 - train_swat - INFO - 开始验证...
2026-02-06 06:27:55 - train_swat - INFO - 验证Loss: 0.02729399
2026-02-06 06:27:55 - train_swat - INFO - 模型已保存到: ./output/swat/20260206_062750/model.pt (验证Loss改善: 0.03393655 -> 0.02729399)
2026-02-06 06:27:55 - train_swat - INFO - 模型已备份到: ./pretrained/swat_model.pt
2026-02-06 06:27:55 - train_swat - INFO - --------------------------------------------------------------------------------
2026-02-06 06:27:55 - train_swat - INFO - Epoch 4/100 开始
2026-02-06 06:27:56 - train_swat - INFO - Epoch 4/100 - 训练Loss: 0.02769036, 累计Loss: 1.77218312
2026-02-06 06:27:56 - train_swat - INFO - 开始验证...
2026-02-06 06:27:56 - train_swat - INFO - 验证Loss: 0.02374872
2026-02-06 06:27:56 - train_swat - INFO - 模型已保存到: ./output/swat/20260206_062750/model.pt (验证Loss改善: 0.02729399 -> 0.02374872)
2026-02-06 06:27:56 - train_swat - INFO - 模型已备份到: ./pretrained/swat_model.pt
2026-02-06 06:27:56 - train_swat - INFO - --------------------------------------------------------------------------------
2026-02-06 06:27:56 - train_swat - INFO - Epoch 5/100 开始
2026-02-06 06:27:57 - train_swat - INFO - Epoch 5/100 - 训练Loss: 0.02204199, 累计Loss: 1.41068729
2026-02-06 06:27:57 - train_swat - INFO - 开始验证...
2026-02-06 06:27:57 - train_swat - INFO - 验证Loss: 0.02045314
2026-02-06 06:27:57 - train_swat - INFO - 模型已保存到: ./output/swat/20260206_062750/model.pt (验证Loss改善: 0.02374872 -> 0.02045314)
2026-02-06 06:27:57 - train_swat - INFO - 模型已备份到: ./pretrained/swat_model.pt
2026-02-06 06:27:57 - train_swat - INFO - --------------------------------------------------------------------------------
2026-02-06 06:27:57 - train_swat - INFO - Epoch 6/100 开始
2026-02-06 06:27:59 - train_swat - INFO - Epoch 6/100 - 训练Loss: 0.01730599, 累计Loss: 1.10758317
2026-02-06 06:27:59 - train_swat - INFO - 开始验证...
2026-02-06 06:27:59 - train_swat - INFO - 验证Loss: 0.01304268
2026-02-06 06:27:59 - train_swat - INFO - 模型已保存到: ./output/swat/20260206_062750/model.pt (验证Loss改善: 0.02045314 -> 0.01304268)
2026-02-06 06:27:59 - train_swat - INFO - 模型已备份到: ./pretrained/swat_model.pt
2026-02-06 06:27:59 - train_swat - INFO - --------------------------------------------------------------------------------
2026-02-06 06:27:59 - train_swat - INFO - Epoch 7/100 开始
2026-02-06 06:28:00 - train_swat - INFO - Epoch 7/100 - 训练Loss: 0.01314366, 累计Loss: 0.84119404
2026-02-06 06:28:00 - train_swat - INFO - 开始验证...
2026-02-06 06:28:00 - train_swat - INFO - 验证Loss: 0.00944797
2026-02-06 06:28:00 - train_swat - INFO - 模型已保存到: ./output/swat/20260206_062750/model.pt (验证Loss改善: 0.01304268 -> 0.00944797)
2026-02-06 06:28:00 - train_swat - INFO - 模型已备份到: ./pretrained/swat_model.pt
2026-02-06 06:28:00 - train_swat - INFO - --------------------------------------------------------------------------------
2026-02-06 06:28:00 - train_swat - INFO - Epoch 8/100 开始
2026-02-06 06:28:01 - train_swat - INFO - Epoch 8/100 - 训练Loss: 0.01060941, 累计Loss: 0.67900248
2026-02-06 06:28:01 - train_swat - INFO - 开始验证...
2026-02-06 06:28:02 - train_swat - INFO - 验证Loss: 0.00829565
2026-02-06 06:28:02 - train_swat - INFO - 模型已保存到: ./output/swat/20260206_062750/model.pt (验证Loss改善: 0.00944797 -> 0.00829565)
2026-02-06 06:28:02 - train_swat - INFO - 模型已备份到: ./pretrained/swat_model.pt
2026-02-06 06:28:02 - train_swat - INFO - --------------------------------------------------------------------------------
2026-02-06 06:28:02 - train_swat - INFO - Epoch 9/100 开始
2026-02-06 06:28:03 - train_swat - INFO - Epoch 9/100 - 训练Loss: 0.00952469, 累计Loss: 0.60958037
2026-02-06 06:28:03 - train_swat - INFO - 开始验证...
2026-02-06 06:28:03 - train_swat - INFO - 验证Loss: 0.00812893
2026-02-06 06:28:03 - train_swat - INFO - 模型已保存到: ./output/swat/20260206_062750/model.pt (验证Loss改善: 0.00829565 -> 0.00812893)
2026-02-06 06:28:03 - train_swat - INFO - 模型已备份到: ./pretrained/swat_model.pt
2026-02-06 06:28:03 - train_swat - INFO - --------------------------------------------------------------------------------
2026-02-06 06:28:03 - train_swat - INFO - Epoch 10/100 开始
2026-02-06 06:28:04 - train_swat - INFO - Epoch 10/100 - 训练Loss: 0.00851560, 累计Loss: 0.54499822
2026-02-06 06:28:04 - train_swat - INFO - 开始验证...
2026-02-06 06:28:04 - train_swat - INFO - 验证Loss: 0.00715726
2026-02-06 06:28:04 - train_swat - INFO - 模型已保存到: ./output/swat/20260206_062750/model.pt (验证Loss改善: 0.00812893 -> 0.00715726)
2026-02-06 06:28:04 - train_swat - INFO - 模型已备份到: ./pretrained/swat_model.pt
2026-02-06 06:28:04 - train_swat - INFO - --------------------------------------------------------------------------------
2026-02-06 06:28:04 - train_swat - INFO - Epoch 11/100 开始
2026-02-06 06:28:06 - train_swat - INFO - Epoch 11/100 - 训练Loss: 0.00780012, 累计Loss: 0.49920773
2026-02-06 06:28:06 - train_swat - INFO - 开始验证...
2026-02-06 06:28:06 - train_swat - INFO - 验证Loss: 0.00592947
2026-02-06 06:28:06 - train_swat - INFO - 模型已保存到: ./output/swat/20260206_062750/model.pt (验证Loss改善: 0.00715726 -> 0.00592947)
2026-02-06 06:28:06 - train_swat - INFO - 模型已备份到: ./pretrained/swat_model.pt
2026-02-06 06:28:06 - train_swat - INFO - --------------------------------------------------------------------------------
2026-02-06 06:28:06 - train_swat - INFO - Epoch 12/100 开始
2026-02-06 06:28:07 - train_swat - INFO - Epoch 12/100 - 训练Loss: 0.00824666, 累计Loss: 0.52778599
2026-02-06 06:28:07 - train_swat - INFO - 开始验证...
2026-02-06 06:28:07 - train_swat - INFO - 验证Loss: 0.00737218
2026-02-06 06:28:07 - train_swat - INFO - 验证Loss未改善 (连续未改善次数: 1/15)
2026-02-06 06:28:07 - train_swat - INFO - --------------------------------------------------------------------------------
2026-02-06 06:28:07 - train_swat - INFO - Epoch 13/100 开始
2026-02-06 06:28:08 - train_swat - INFO - Epoch 13/100 - 训练Loss: 0.00859097, 累计Loss: 0.54982213
2026-02-06 06:28:08 - train_swat - INFO - 开始验证...
2026-02-06 06:28:08 - train_swat - INFO - 验证Loss: 0.01131993
2026-02-06 06:28:08 - train_swat - INFO - 验证Loss未改善 (连续未改善次数: 2/15)
2026-02-06 06:28:08 - train_swat - INFO - --------------------------------------------------------------------------------
2026-02-06 06:28:08 - train_swat - INFO - Epoch 14/100 开始
2026-02-06 06:28:10 - train_swat - INFO - Epoch 14/100 - 训练Loss: 0.00849383, 累计Loss: 0.54360538
2026-02-06 06:28:10 - train_swat - INFO - 开始验证...
2026-02-06 06:28:10 - train_swat - INFO - 验证Loss: 0.00594231
2026-02-06 06:28:10 - train_swat - INFO - 验证Loss未改善 (连续未改善次数: 3/15)
2026-02-06 06:28:10 - train_swat - INFO - --------------------------------------------------------------------------------
2026-02-06 06:28:10 - train_swat - INFO - Epoch 15/100 开始
2026-02-06 06:28:11 - train_swat - INFO - Epoch 15/100 - 训练Loss: 0.00754926, 累计Loss: 0.48315254
2026-02-06 06:28:11 - train_swat - INFO - 开始验证...
2026-02-06 06:28:11 - train_swat - INFO - 验证Loss: 0.00808734
2026-02-06 06:28:11 - train_swat - INFO - 验证Loss未改善 (连续未改善次数: 4/15)
2026-02-06 06:28:11 - train_swat - INFO - --------------------------------------------------------------------------------
2026-02-06 06:28:11 - train_swat - INFO - Epoch 16/100 开始
2026-02-06 06:28:12 - train_swat - INFO - Epoch 16/100 - 训练Loss: 0.00853943, 累计Loss: 0.54652374
2026-02-06 06:28:12 - train_swat - INFO - 开始验证...
2026-02-06 06:28:12 - train_swat - INFO - 验证Loss: 0.01187674
2026-02-06 06:28:12 - train_swat - INFO - 验证Loss未改善 (连续未改善次数: 5/15)
2026-02-06 06:28:12 - train_swat - INFO - --------------------------------------------------------------------------------
2026-02-06 06:28:12 - train_swat - INFO - Epoch 17/100 开始
2026-02-06 06:28:14 - train_swat - INFO - Epoch 17/100 - 训练Loss: 0.01097725, 累计Loss: 0.70254424
2026-02-06 06:28:14 - train_swat - INFO - 开始验证...
2026-02-06 06:28:14 - train_swat - INFO - 验证Loss: 0.00997794
2026-02-06 06:28:14 - train_swat - INFO - 验证Loss未改善 (连续未改善次数: 6/15)
2026-02-06 06:28:14 - train_swat - INFO - --------------------------------------------------------------------------------
2026-02-06 06:28:14 - train_swat - INFO - Epoch 18/100 开始
2026-02-06 06:28:15 - train_swat - INFO - Epoch 18/100 - 训练Loss: 0.01246572, 累计Loss: 0.79780591
2026-02-06 06:28:15 - train_swat - INFO - 开始验证...
2026-02-06 06:28:15 - train_swat - INFO - 验证Loss: 0.01032705
2026-02-06 06:28:15 - train_swat - INFO - 验证Loss未改善 (连续未改善次数: 7/15)
2026-02-06 06:28:15 - train_swat - INFO - --------------------------------------------------------------------------------
2026-02-06 06:28:15 - train_swat - INFO - Epoch 19/100 开始
2026-02-06 06:28:16 - train_swat - INFO - Epoch 19/100 - 训练Loss: 0.01275414, 累计Loss: 0.81626488
2026-02-06 06:28:16 - train_swat - INFO - 开始验证...
2026-02-06 06:28:17 - train_swat - INFO - 验证Loss: 0.01273273
2026-02-06 06:28:17 - train_swat - INFO - 验证Loss未改善 (连续未改善次数: 8/15)
2026-02-06 06:28:17 - train_swat - INFO - --------------------------------------------------------------------------------
2026-02-06 06:28:17 - train_swat - INFO - Epoch 20/100 开始
2026-02-06 06:28:18 - train_swat - INFO - Epoch 20/100 - 训练Loss: 0.01244109, 累计Loss: 0.79622970
2026-02-06 06:28:18 - train_swat - INFO - 开始验证...
2026-02-06 06:28:18 - train_swat - INFO - 验证Loss: 0.01215635
2026-02-06 06:28:18 - train_swat - INFO - 验证Loss未改善 (连续未改善次数: 9/15)
2026-02-06 06:28:18 - train_swat - INFO - --------------------------------------------------------------------------------
2026-02-06 06:28:18 - train_swat - INFO - Epoch 21/100 开始
2026-02-06 06:28:19 - train_swat - INFO - Epoch 21/100 - 训练Loss: 0.01335163, 累计Loss: 0.85450433
2026-02-06 06:28:19 - train_swat - INFO - 开始验证...
2026-02-06 06:28:19 - train_swat - INFO - 验证Loss: 0.01753770
2026-02-06 06:28:19 - train_swat - INFO - 验证Loss未改善 (连续未改善次数: 10/15)
2026-02-06 06:28:19 - train_swat - INFO - --------------------------------------------------------------------------------
2026-02-06 06:28:19 - train_swat - INFO - Epoch 22/100 开始
2026-02-06 06:28:21 - train_swat - INFO - Epoch 22/100 - 训练Loss: 0.01267464, 累计Loss: 0.81117683
2026-02-06 06:28:21 - train_swat - INFO - 开始验证...
2026-02-06 06:28:21 - train_swat - INFO - 验证Loss: 0.01249110
2026-02-06 06:28:21 - train_swat - INFO - 验证Loss未改善 (连续未改善次数: 11/15)
2026-02-06 06:28:21 - train_swat - INFO - --------------------------------------------------------------------------------
2026-02-06 06:28:21 - train_swat - INFO - Epoch 23/100 开始
2026-02-06 06:28:22 - train_swat - INFO - Epoch 23/100 - 训练Loss: 0.01109049, 累计Loss: 0.70979107
2026-02-06 06:28:22 - train_swat - INFO - 开始验证...
2026-02-06 06:28:22 - train_swat - INFO - 验证Loss: 0.00949287
2026-02-06 06:28:22 - train_swat - INFO - 验证Loss未改善 (连续未改善次数: 12/15)
2026-02-06 06:28:22 - train_swat - INFO - --------------------------------------------------------------------------------
2026-02-06 06:28:22 - train_swat - INFO - Epoch 24/100 开始
2026-02-06 06:28:23 - train_swat - INFO - Epoch 24/100 - 训练Loss: 0.00969539, 累计Loss: 0.62050518
2026-02-06 06:28:23 - train_swat - INFO - 开始验证...
2026-02-06 06:28:23 - train_swat - INFO - 验证Loss: 0.00774280
2026-02-06 06:28:23 - train_swat - INFO - 验证Loss未改善 (连续未改善次数: 13/15)
2026-02-06 06:28:23 - train_swat - INFO - --------------------------------------------------------------------------------
2026-02-06 06:28:23 - train_swat - INFO - Epoch 25/100 开始
2026-02-06 06:28:25 - train_swat - INFO - Epoch 25/100 - 训练Loss: 0.00974953, 累计Loss: 0.62397011
2026-02-06 06:28:25 - train_swat - INFO - 开始验证...
2026-02-06 06:28:25 - train_swat - INFO - 验证Loss: 0.01242983
2026-02-06 06:28:25 - train_swat - INFO - 验证Loss未改善 (连续未改善次数: 14/15)
2026-02-06 06:28:25 - train_swat - INFO - --------------------------------------------------------------------------------
2026-02-06 06:28:25 - train_swat - INFO - Epoch 26/100 开始
2026-02-06 06:28:26 - train_swat - INFO - Epoch 26/100 - 训练Loss: 0.01112296, 累计Loss: 0.71186961
2026-02-06 06:28:26 - train_swat - INFO - 开始验证...
2026-02-06 06:28:26 - train_swat - INFO - 验证Loss: 0.01196662
2026-02-06 06:28:26 - train_swat - INFO - 验证Loss未改善 (连续未改善次数: 15/15)
2026-02-06 06:28:26 - train_swat - INFO - 触发早停: 连续 15 轮验证Loss未改善
2026-02-06 06:28:26 - train_swat - INFO - ================================================================================
2026-02-06 06:28:26 - train_swat - INFO - 训练完成
2026-02-06 06:28:26 - train_swat - INFO - 最佳Loss: 0.00592947
2026-02-06 06:28:26 - train_swat - INFO - 训练总轮数: 26
2026-02-06 06:28:26 - train_swat - INFO - ================================================================================
