2026-02-06 07:13:19 - train_swat - INFO - ================================================================================
2026-02-06 07:13:19 - train_swat - INFO - 开始训练
2026-02-06 07:13:19 - train_swat - INFO - ================================================================================
2026-02-06 07:13:19 - train_swat - INFO - 数据集: swat
2026-02-06 07:13:19 - train_swat - INFO - 模型保存路径: ./output/swat/20260206_071319/model.pt
2026-02-06 07:13:19 - train_swat - INFO - 训练配置: {'batch': 128, 'epoch': 100, 'slide_win': 15, 'dim': 64, 'slide_stride': 5, 'comment': '', 'seed': 0, 'out_layer_num': 1, 'out_layer_inter_dim': 256, 'decay': 0.0001, 'val_ratio': 0.1, 'topk': 20}
2026-02-06 07:13:19 - train_swat - INFO - 训练数据集大小: 9033
2026-02-06 07:13:19 - train_swat - INFO - 训练批次数: 64
2026-02-06 07:13:19 - train_swat - INFO - 验证批次数: 8
2026-02-06 07:13:19 - train_swat - INFO - 使用设备: cuda
2026-02-06 07:13:19 - train_swat - INFO - 总训练轮数: 100
2026-02-06 07:13:19 - train_swat - INFO - 早停窗口: 15
2026-02-06 07:13:19 - train_swat - INFO - --------------------------------------------------------------------------------
2026-02-06 07:13:19 - train_swat - INFO - Epoch 1/100 开始
2026-02-06 07:13:20 - train_swat - INFO - Epoch 1/100 - 训练Loss: 0.12873681, 累计Loss: 8.23915596
2026-02-06 07:13:20 - train_swat - INFO - 开始验证...
2026-02-06 07:13:20 - train_swat - INFO - 验证Loss: 0.07570833
2026-02-06 07:13:20 - train_swat - INFO - 模型已保存到: ./output/swat/20260206_071319/model.pt (验证Loss改善: 100000000.00000000 -> 0.07570833)
2026-02-06 07:13:20 - train_swat - INFO - 模型已备份到: ./pretrained/swat_model.pt
2026-02-06 07:13:20 - train_swat - INFO - --------------------------------------------------------------------------------
2026-02-06 07:13:20 - train_swat - INFO - Epoch 2/100 开始
2026-02-06 07:13:21 - train_swat - INFO - Epoch 2/100 - 训练Loss: 0.05383713, 累计Loss: 3.44557618
2026-02-06 07:13:21 - train_swat - INFO - 开始验证...
2026-02-06 07:13:22 - train_swat - INFO - 验证Loss: 0.03422045
2026-02-06 07:13:22 - train_swat - INFO - 模型已保存到: ./output/swat/20260206_071319/model.pt (验证Loss改善: 0.07570833 -> 0.03422045)
2026-02-06 07:13:22 - train_swat - INFO - 模型已备份到: ./pretrained/swat_model.pt
2026-02-06 07:13:22 - train_swat - INFO - --------------------------------------------------------------------------------
2026-02-06 07:13:22 - train_swat - INFO - Epoch 3/100 开始
2026-02-06 07:13:23 - train_swat - INFO - Epoch 3/100 - 训练Loss: 0.03618242, 累计Loss: 2.31567488
2026-02-06 07:13:23 - train_swat - INFO - 开始验证...
2026-02-06 07:13:23 - train_swat - INFO - 验证Loss: 0.02902817
2026-02-06 07:13:23 - train_swat - INFO - 模型已保存到: ./output/swat/20260206_071319/model.pt (验证Loss改善: 0.03422045 -> 0.02902817)
2026-02-06 07:13:23 - train_swat - INFO - 模型已备份到: ./pretrained/swat_model.pt
2026-02-06 07:13:23 - train_swat - INFO - --------------------------------------------------------------------------------
2026-02-06 07:13:23 - train_swat - INFO - Epoch 4/100 开始
2026-02-06 07:13:24 - train_swat - INFO - Epoch 4/100 - 训练Loss: 0.02784271, 累计Loss: 1.78193363
2026-02-06 07:13:24 - train_swat - INFO - 开始验证...
2026-02-06 07:13:24 - train_swat - INFO - 验证Loss: 0.02413016
2026-02-06 07:13:24 - train_swat - INFO - 模型已保存到: ./output/swat/20260206_071319/model.pt (验证Loss改善: 0.02902817 -> 0.02413016)
2026-02-06 07:13:24 - train_swat - INFO - 模型已备份到: ./pretrained/swat_model.pt
2026-02-06 07:13:24 - train_swat - INFO - --------------------------------------------------------------------------------
2026-02-06 07:13:24 - train_swat - INFO - Epoch 5/100 开始
2026-02-06 07:13:26 - train_swat - INFO - Epoch 5/100 - 训练Loss: 0.02237860, 累计Loss: 1.43223063
2026-02-06 07:13:26 - train_swat - INFO - 开始验证...
2026-02-06 07:13:26 - train_swat - INFO - 验证Loss: 0.02119599
2026-02-06 07:13:26 - train_swat - INFO - 模型已保存到: ./output/swat/20260206_071319/model.pt (验证Loss改善: 0.02413016 -> 0.02119599)
2026-02-06 07:13:26 - train_swat - INFO - 模型已备份到: ./pretrained/swat_model.pt
2026-02-06 07:13:26 - train_swat - INFO - --------------------------------------------------------------------------------
2026-02-06 07:13:26 - train_swat - INFO - Epoch 6/100 开始
2026-02-06 07:13:27 - train_swat - INFO - Epoch 6/100 - 训练Loss: 0.01693445, 累计Loss: 1.08380511
2026-02-06 07:13:27 - train_swat - INFO - 开始验证...
2026-02-06 07:13:27 - train_swat - INFO - 验证Loss: 0.01267003
2026-02-06 07:13:27 - train_swat - INFO - 模型已保存到: ./output/swat/20260206_071319/model.pt (验证Loss改善: 0.02119599 -> 0.01267003)
2026-02-06 07:13:27 - train_swat - INFO - 模型已备份到: ./pretrained/swat_model.pt
2026-02-06 07:13:27 - train_swat - INFO - --------------------------------------------------------------------------------
2026-02-06 07:13:27 - train_swat - INFO - Epoch 7/100 开始
2026-02-06 07:13:28 - train_swat - INFO - Epoch 7/100 - 训练Loss: 0.01254369, 累计Loss: 0.80279615
2026-02-06 07:13:28 - train_swat - INFO - 开始验证...
2026-02-06 07:13:28 - train_swat - INFO - 验证Loss: 0.00835437
2026-02-06 07:13:28 - train_swat - INFO - 模型已保存到: ./output/swat/20260206_071319/model.pt (验证Loss改善: 0.01267003 -> 0.00835437)
2026-02-06 07:13:28 - train_swat - INFO - 模型已备份到: ./pretrained/swat_model.pt
2026-02-06 07:13:28 - train_swat - INFO - --------------------------------------------------------------------------------
2026-02-06 07:13:28 - train_swat - INFO - Epoch 8/100 开始
2026-02-06 07:13:30 - train_swat - INFO - Epoch 8/100 - 训练Loss: 0.01056162, 累计Loss: 0.67594347
2026-02-06 07:13:30 - train_swat - INFO - 开始验证...
2026-02-06 07:13:30 - train_swat - INFO - 验证Loss: 0.00906220
2026-02-06 07:13:30 - train_swat - INFO - 验证Loss未改善 (连续未改善次数: 1/15)
2026-02-06 07:13:30 - train_swat - INFO - --------------------------------------------------------------------------------
2026-02-06 07:13:30 - train_swat - INFO - Epoch 9/100 开始
2026-02-06 07:13:31 - train_swat - INFO - Epoch 9/100 - 训练Loss: 0.00972284, 累计Loss: 0.62226201
2026-02-06 07:13:31 - train_swat - INFO - 开始验证...
2026-02-06 07:13:31 - train_swat - INFO - 验证Loss: 0.00842595
2026-02-06 07:13:31 - train_swat - INFO - 验证Loss未改善 (连续未改善次数: 2/15)
2026-02-06 07:13:31 - train_swat - INFO - --------------------------------------------------------------------------------
2026-02-06 07:13:31 - train_swat - INFO - Epoch 10/100 开始
2026-02-06 07:13:32 - train_swat - INFO - Epoch 10/100 - 训练Loss: 0.00941435, 累计Loss: 0.60251829
2026-02-06 07:13:32 - train_swat - INFO - 开始验证...
2026-02-06 07:13:33 - train_swat - INFO - 验证Loss: 0.00784671
2026-02-06 07:13:33 - train_swat - INFO - 模型已保存到: ./output/swat/20260206_071319/model.pt (验证Loss改善: 0.00835437 -> 0.00784671)
2026-02-06 07:13:33 - train_swat - INFO - 模型已备份到: ./pretrained/swat_model.pt
2026-02-06 07:13:33 - train_swat - INFO - --------------------------------------------------------------------------------
2026-02-06 07:13:33 - train_swat - INFO - Epoch 11/100 开始
2026-02-06 07:13:34 - train_swat - INFO - Epoch 11/100 - 训练Loss: 0.00915850, 累计Loss: 0.58614395
2026-02-06 07:13:34 - train_swat - INFO - 开始验证...
2026-02-06 07:13:34 - train_swat - INFO - 验证Loss: 0.00757466
2026-02-06 07:13:34 - train_swat - INFO - 模型已保存到: ./output/swat/20260206_071319/model.pt (验证Loss改善: 0.00784671 -> 0.00757466)
2026-02-06 07:13:34 - train_swat - INFO - 模型已备份到: ./pretrained/swat_model.pt
2026-02-06 07:13:34 - train_swat - INFO - --------------------------------------------------------------------------------
2026-02-06 07:13:34 - train_swat - INFO - Epoch 12/100 开始
2026-02-06 07:13:35 - train_swat - INFO - Epoch 12/100 - 训练Loss: 0.00857238, 累计Loss: 0.54863252
2026-02-06 07:13:35 - train_swat - INFO - 开始验证...
2026-02-06 07:13:35 - train_swat - INFO - 验证Loss: 0.00714637
2026-02-06 07:13:35 - train_swat - INFO - 模型已保存到: ./output/swat/20260206_071319/model.pt (验证Loss改善: 0.00757466 -> 0.00714637)
2026-02-06 07:13:35 - train_swat - INFO - 模型已备份到: ./pretrained/swat_model.pt
2026-02-06 07:13:35 - train_swat - INFO - --------------------------------------------------------------------------------
2026-02-06 07:13:35 - train_swat - INFO - Epoch 13/100 开始
2026-02-06 07:13:37 - train_swat - INFO - Epoch 13/100 - 训练Loss: 0.00848130, 累计Loss: 0.54280308
2026-02-06 07:13:37 - train_swat - INFO - 开始验证...
2026-02-06 07:13:37 - train_swat - INFO - 验证Loss: 0.00640231
2026-02-06 07:13:37 - train_swat - INFO - 模型已保存到: ./output/swat/20260206_071319/model.pt (验证Loss改善: 0.00714637 -> 0.00640231)
2026-02-06 07:13:37 - train_swat - INFO - 模型已备份到: ./pretrained/swat_model.pt
2026-02-06 07:13:37 - train_swat - INFO - --------------------------------------------------------------------------------
2026-02-06 07:13:37 - train_swat - INFO - Epoch 14/100 开始
2026-02-06 07:13:38 - train_swat - INFO - Epoch 14/100 - 训练Loss: 0.00789038, 累计Loss: 0.50498449
2026-02-06 07:13:38 - train_swat - INFO - 开始验证...
2026-02-06 07:13:38 - train_swat - INFO - 验证Loss: 0.00744111
2026-02-06 07:13:38 - train_swat - INFO - 验证Loss未改善 (连续未改善次数: 1/15)
2026-02-06 07:13:38 - train_swat - INFO - --------------------------------------------------------------------------------
2026-02-06 07:13:38 - train_swat - INFO - Epoch 15/100 开始
2026-02-06 07:13:39 - train_swat - INFO - Epoch 15/100 - 训练Loss: 0.00826273, 累计Loss: 0.52881493
2026-02-06 07:13:39 - train_swat - INFO - 开始验证...
2026-02-06 07:13:39 - train_swat - INFO - 验证Loss: 0.01133872
2026-02-06 07:13:39 - train_swat - INFO - 验证Loss未改善 (连续未改善次数: 2/15)
2026-02-06 07:13:39 - train_swat - INFO - --------------------------------------------------------------------------------
2026-02-06 07:13:39 - train_swat - INFO - Epoch 16/100 开始
2026-02-06 07:13:41 - train_swat - INFO - Epoch 16/100 - 训练Loss: 0.00802069, 累计Loss: 0.51332419
2026-02-06 07:13:41 - train_swat - INFO - 开始验证...
2026-02-06 07:13:41 - train_swat - INFO - 验证Loss: 0.00702966
2026-02-06 07:13:41 - train_swat - INFO - 验证Loss未改善 (连续未改善次数: 3/15)
2026-02-06 07:13:41 - train_swat - INFO - --------------------------------------------------------------------------------
2026-02-06 07:13:41 - train_swat - INFO - Epoch 17/100 开始
2026-02-06 07:13:42 - train_swat - INFO - Epoch 17/100 - 训练Loss: 0.00854503, 累计Loss: 0.54688180
2026-02-06 07:13:42 - train_swat - INFO - 开始验证...
2026-02-06 07:13:42 - train_swat - INFO - 验证Loss: 0.00633035
2026-02-06 07:13:42 - train_swat - INFO - 模型已保存到: ./output/swat/20260206_071319/model.pt (验证Loss改善: 0.00640231 -> 0.00633035)
2026-02-06 07:13:42 - train_swat - INFO - 模型已备份到: ./pretrained/swat_model.pt
2026-02-06 07:13:42 - train_swat - INFO - --------------------------------------------------------------------------------
2026-02-06 07:13:42 - train_swat - INFO - Epoch 18/100 开始
2026-02-06 07:13:43 - train_swat - INFO - Epoch 18/100 - 训练Loss: 0.01139422, 累计Loss: 0.72923018
2026-02-06 07:13:43 - train_swat - INFO - 开始验证...
2026-02-06 07:13:43 - train_swat - INFO - 验证Loss: 0.01186420
2026-02-06 07:13:43 - train_swat - INFO - 验证Loss未改善 (连续未改善次数: 1/15)
2026-02-06 07:13:43 - train_swat - INFO - --------------------------------------------------------------------------------
2026-02-06 07:13:43 - train_swat - INFO - Epoch 19/100 开始
2026-02-06 07:13:45 - train_swat - INFO - Epoch 19/100 - 训练Loss: 0.01274125, 累计Loss: 0.81544008
2026-02-06 07:13:45 - train_swat - INFO - 开始验证...
2026-02-06 07:13:45 - train_swat - INFO - 验证Loss: 0.01343384
2026-02-06 07:13:45 - train_swat - INFO - 验证Loss未改善 (连续未改善次数: 2/15)
2026-02-06 07:13:45 - train_swat - INFO - --------------------------------------------------------------------------------
2026-02-06 07:13:45 - train_swat - INFO - Epoch 20/100 开始
2026-02-06 07:13:46 - train_swat - INFO - Epoch 20/100 - 训练Loss: 0.01062457, 累计Loss: 0.67997225
2026-02-06 07:13:46 - train_swat - INFO - 开始验证...
2026-02-06 07:13:46 - train_swat - INFO - 验证Loss: 0.00934884
2026-02-06 07:13:46 - train_swat - INFO - 验证Loss未改善 (连续未改善次数: 3/15)
2026-02-06 07:13:46 - train_swat - INFO - --------------------------------------------------------------------------------
2026-02-06 07:13:46 - train_swat - INFO - Epoch 21/100 开始
2026-02-06 07:13:47 - train_swat - INFO - Epoch 21/100 - 训练Loss: 0.01069992, 累计Loss: 0.68479484
2026-02-06 07:13:47 - train_swat - INFO - 开始验证...
2026-02-06 07:13:48 - train_swat - INFO - 验证Loss: 0.01788445
2026-02-06 07:13:48 - train_swat - INFO - 验证Loss未改善 (连续未改善次数: 4/15)
2026-02-06 07:13:48 - train_swat - INFO - --------------------------------------------------------------------------------
2026-02-06 07:13:48 - train_swat - INFO - Epoch 22/100 开始
2026-02-06 07:13:49 - train_swat - INFO - Epoch 22/100 - 训练Loss: 0.01196168, 累计Loss: 0.76554729
2026-02-06 07:13:49 - train_swat - INFO - 开始验证...
2026-02-06 07:13:49 - train_swat - INFO - 验证Loss: 0.01100179
2026-02-06 07:13:49 - train_swat - INFO - 验证Loss未改善 (连续未改善次数: 5/15)
2026-02-06 07:13:49 - train_swat - INFO - --------------------------------------------------------------------------------
2026-02-06 07:13:49 - train_swat - INFO - Epoch 23/100 开始
2026-02-06 07:13:50 - train_swat - INFO - Epoch 23/100 - 训练Loss: 0.01013511, 累计Loss: 0.64864690
2026-02-06 07:13:50 - train_swat - INFO - 开始验证...
2026-02-06 07:13:50 - train_swat - INFO - 验证Loss: 0.01383182
2026-02-06 07:13:50 - train_swat - INFO - 验证Loss未改善 (连续未改善次数: 6/15)
2026-02-06 07:13:50 - train_swat - INFO - --------------------------------------------------------------------------------
2026-02-06 07:13:50 - train_swat - INFO - Epoch 24/100 开始
2026-02-06 07:13:52 - train_swat - INFO - Epoch 24/100 - 训练Loss: 0.01050827, 累计Loss: 0.67252947
2026-02-06 07:13:52 - train_swat - INFO - 开始验证...
2026-02-06 07:13:52 - train_swat - INFO - 验证Loss: 0.00968583
2026-02-06 07:13:52 - train_swat - INFO - 验证Loss未改善 (连续未改善次数: 7/15)
2026-02-06 07:13:52 - train_swat - INFO - --------------------------------------------------------------------------------
2026-02-06 07:13:52 - train_swat - INFO - Epoch 25/100 开始
2026-02-06 07:13:53 - train_swat - INFO - Epoch 25/100 - 训练Loss: 0.01009352, 累计Loss: 0.64598554
2026-02-06 07:13:53 - train_swat - INFO - 开始验证...
2026-02-06 07:13:53 - train_swat - INFO - 验证Loss: 0.01089977
2026-02-06 07:13:53 - train_swat - INFO - 验证Loss未改善 (连续未改善次数: 8/15)
2026-02-06 07:13:53 - train_swat - INFO - --------------------------------------------------------------------------------
2026-02-06 07:13:53 - train_swat - INFO - Epoch 26/100 开始
2026-02-06 07:13:54 - train_swat - INFO - Epoch 26/100 - 训练Loss: 0.01144374, 累计Loss: 0.73239924
2026-02-06 07:13:54 - train_swat - INFO - 开始验证...
2026-02-06 07:13:54 - train_swat - INFO - 验证Loss: 0.01975218
2026-02-06 07:13:54 - train_swat - INFO - 验证Loss未改善 (连续未改善次数: 9/15)
2026-02-06 07:13:54 - train_swat - INFO - --------------------------------------------------------------------------------
2026-02-06 07:13:54 - train_swat - INFO - Epoch 27/100 开始
2026-02-06 07:13:56 - train_swat - INFO - Epoch 27/100 - 训练Loss: 0.01418225, 累计Loss: 0.90766410
2026-02-06 07:13:56 - train_swat - INFO - 开始验证...
2026-02-06 07:13:56 - train_swat - INFO - 验证Loss: 0.01792086
2026-02-06 07:13:56 - train_swat - INFO - 验证Loss未改善 (连续未改善次数: 10/15)
2026-02-06 07:13:56 - train_swat - INFO - --------------------------------------------------------------------------------
2026-02-06 07:13:56 - train_swat - INFO - Epoch 28/100 开始
2026-02-06 07:13:57 - train_swat - INFO - Epoch 28/100 - 训练Loss: 0.01362510, 累计Loss: 0.87200669
2026-02-06 07:13:57 - train_swat - INFO - 开始验证...
2026-02-06 07:13:57 - train_swat - INFO - 验证Loss: 0.01174005
2026-02-06 07:13:57 - train_swat - INFO - 验证Loss未改善 (连续未改善次数: 11/15)
2026-02-06 07:13:57 - train_swat - INFO - --------------------------------------------------------------------------------
2026-02-06 07:13:57 - train_swat - INFO - Epoch 29/100 开始
2026-02-06 07:13:58 - train_swat - INFO - Epoch 29/100 - 训练Loss: 0.01294109, 累计Loss: 0.82822994
2026-02-06 07:13:58 - train_swat - INFO - 开始验证...
2026-02-06 07:13:58 - train_swat - INFO - 验证Loss: 0.01138345
2026-02-06 07:13:58 - train_swat - INFO - 验证Loss未改善 (连续未改善次数: 12/15)
2026-02-06 07:13:58 - train_swat - INFO - --------------------------------------------------------------------------------
2026-02-06 07:13:58 - train_swat - INFO - Epoch 30/100 开始
2026-02-06 07:14:00 - train_swat - INFO - Epoch 30/100 - 训练Loss: 0.01156303, 累计Loss: 0.74003412
2026-02-06 07:14:00 - train_swat - INFO - 开始验证...
2026-02-06 07:14:00 - train_swat - INFO - 验证Loss: 0.00979469
2026-02-06 07:14:00 - train_swat - INFO - 验证Loss未改善 (连续未改善次数: 13/15)
2026-02-06 07:14:00 - train_swat - INFO - --------------------------------------------------------------------------------
2026-02-06 07:14:00 - train_swat - INFO - Epoch 31/100 开始
2026-02-06 07:14:01 - train_swat - INFO - Epoch 31/100 - 训练Loss: 0.01217177, 累计Loss: 0.77899300
2026-02-06 07:14:01 - train_swat - INFO - 开始验证...
2026-02-06 07:14:01 - train_swat - INFO - 验证Loss: 0.01306628
2026-02-06 07:14:01 - train_swat - INFO - 验证Loss未改善 (连续未改善次数: 14/15)
2026-02-06 07:14:01 - train_swat - INFO - --------------------------------------------------------------------------------
2026-02-06 07:14:01 - train_swat - INFO - Epoch 32/100 开始
2026-02-06 07:14:02 - train_swat - INFO - Epoch 32/100 - 训练Loss: 0.01119752, 累计Loss: 0.71664141
2026-02-06 07:14:02 - train_swat - INFO - 开始验证...
2026-02-06 07:14:02 - train_swat - INFO - 验证Loss: 0.01053108
2026-02-06 07:14:02 - train_swat - INFO - 验证Loss未改善 (连续未改善次数: 15/15)
2026-02-06 07:14:02 - train_swat - INFO - 触发早停: 连续 15 轮验证Loss未改善
2026-02-06 07:14:02 - train_swat - INFO - ================================================================================
2026-02-06 07:14:02 - train_swat - INFO - 训练完成
2026-02-06 07:14:02 - train_swat - INFO - 最佳Loss: 0.00633035
2026-02-06 07:14:02 - train_swat - INFO - 训练总轮数: 32
2026-02-06 07:14:02 - train_swat - INFO - ================================================================================
