2026-02-06 06:29:02 - train_wadi - INFO - ================================================================================
2026-02-06 06:29:02 - train_wadi - INFO - 开始训练
2026-02-06 06:29:02 - train_wadi - INFO - ================================================================================
2026-02-06 06:29:02 - train_wadi - INFO - 数据集: wadi
2026-02-06 06:29:02 - train_wadi - INFO - 模型保存路径: ./output/wadi/20260206_062902/model.pt
2026-02-06 06:29:02 - train_wadi - INFO - 训练配置: {'batch': 128, 'epoch': 100, 'slide_win': 15, 'dim': 64, 'slide_stride': 5, 'comment': '', 'seed': 0, 'out_layer_num': 1, 'out_layer_inter_dim': 256, 'decay': 0.0001, 'val_ratio': 0.1, 'topk': 20}
2026-02-06 06:29:02 - train_wadi - INFO - 训练数据集大小: 15682
2026-02-06 06:29:02 - train_wadi - INFO - 训练批次数: 111
2026-02-06 06:29:02 - train_wadi - INFO - 验证批次数: 13
2026-02-06 06:29:02 - train_wadi - INFO - 使用设备: cuda
2026-02-06 06:29:02 - train_wadi - INFO - 总训练轮数: 100
2026-02-06 06:29:02 - train_wadi - INFO - 早停窗口: 15
2026-02-06 06:29:02 - train_wadi - INFO - --------------------------------------------------------------------------------
2026-02-06 06:29:02 - train_wadi - INFO - Epoch 1/100 开始
2026-02-06 06:29:08 - train_wadi - INFO - Epoch 1/100 - 训练Loss: 0.08609882, 累计Loss: 9.55696954
2026-02-06 06:29:08 - train_wadi - INFO - 开始验证...
2026-02-06 06:29:08 - train_wadi - INFO - 验证Loss: 0.02974694
2026-02-06 06:29:08 - train_wadi - INFO - 模型已保存到: ./output/wadi/20260206_062902/model.pt (验证Loss改善: 100000000.00000000 -> 0.02974694)
2026-02-06 06:29:08 - train_wadi - INFO - 模型已备份到: ./pretrained/wadi_model.pt
2026-02-06 06:29:08 - train_wadi - INFO - --------------------------------------------------------------------------------
2026-02-06 06:29:08 - train_wadi - INFO - Epoch 2/100 开始
2026-02-06 06:29:13 - train_wadi - INFO - Epoch 2/100 - 训练Loss: 0.03104586, 累计Loss: 3.44609053
2026-02-06 06:29:13 - train_wadi - INFO - 开始验证...
2026-02-06 06:29:14 - train_wadi - INFO - 验证Loss: 0.01965040
2026-02-06 06:29:14 - train_wadi - INFO - 模型已保存到: ./output/wadi/20260206_062902/model.pt (验证Loss改善: 0.02974694 -> 0.01965040)
2026-02-06 06:29:14 - train_wadi - INFO - 模型已备份到: ./pretrained/wadi_model.pt
2026-02-06 06:29:14 - train_wadi - INFO - --------------------------------------------------------------------------------
2026-02-06 06:29:14 - train_wadi - INFO - Epoch 3/100 开始
2026-02-06 06:29:19 - train_wadi - INFO - Epoch 3/100 - 训练Loss: 0.02002130, 累计Loss: 2.22236460
2026-02-06 06:29:19 - train_wadi - INFO - 开始验证...
2026-02-06 06:29:19 - train_wadi - INFO - 验证Loss: 0.01389065
2026-02-06 06:29:19 - train_wadi - INFO - 模型已保存到: ./output/wadi/20260206_062902/model.pt (验证Loss改善: 0.01965040 -> 0.01389065)
2026-02-06 06:29:19 - train_wadi - INFO - 模型已备份到: ./pretrained/wadi_model.pt
2026-02-06 06:29:19 - train_wadi - INFO - --------------------------------------------------------------------------------
2026-02-06 06:29:19 - train_wadi - INFO - Epoch 4/100 开始
2026-02-06 06:29:25 - train_wadi - INFO - Epoch 4/100 - 训练Loss: 0.01520343, 累计Loss: 1.68758032
2026-02-06 06:29:25 - train_wadi - INFO - 开始验证...
2026-02-06 06:29:25 - train_wadi - INFO - 验证Loss: 0.01081851
2026-02-06 06:29:25 - train_wadi - INFO - 模型已保存到: ./output/wadi/20260206_062902/model.pt (验证Loss改善: 0.01389065 -> 0.01081851)
2026-02-06 06:29:25 - train_wadi - INFO - 模型已备份到: ./pretrained/wadi_model.pt
2026-02-06 06:29:25 - train_wadi - INFO - --------------------------------------------------------------------------------
2026-02-06 06:29:25 - train_wadi - INFO - Epoch 5/100 开始
2026-02-06 06:29:30 - train_wadi - INFO - Epoch 5/100 - 训练Loss: 0.01346871, 累计Loss: 1.49502733
2026-02-06 06:29:30 - train_wadi - INFO - 开始验证...
2026-02-06 06:29:31 - train_wadi - INFO - 验证Loss: 0.01061361
2026-02-06 06:29:31 - train_wadi - INFO - 模型已保存到: ./output/wadi/20260206_062902/model.pt (验证Loss改善: 0.01081851 -> 0.01061361)
2026-02-06 06:29:31 - train_wadi - INFO - 模型已备份到: ./pretrained/wadi_model.pt
2026-02-06 06:29:31 - train_wadi - INFO - --------------------------------------------------------------------------------
2026-02-06 06:29:31 - train_wadi - INFO - Epoch 6/100 开始
2026-02-06 06:29:36 - train_wadi - INFO - Epoch 6/100 - 训练Loss: 0.01363618, 累计Loss: 1.51361546
2026-02-06 06:29:36 - train_wadi - INFO - 开始验证...
2026-02-06 06:29:36 - train_wadi - INFO - 验证Loss: 0.01103651
2026-02-06 06:29:36 - train_wadi - INFO - 验证Loss未改善 (连续未改善次数: 1/15)
2026-02-06 06:29:36 - train_wadi - INFO - --------------------------------------------------------------------------------
2026-02-06 06:29:36 - train_wadi - INFO - Epoch 7/100 开始
2026-02-06 06:29:41 - train_wadi - INFO - Epoch 7/100 - 训练Loss: 0.01342042, 累计Loss: 1.48966638
2026-02-06 06:29:41 - train_wadi - INFO - 开始验证...
2026-02-06 06:29:42 - train_wadi - INFO - 验证Loss: 0.01055301
2026-02-06 06:29:42 - train_wadi - INFO - 模型已保存到: ./output/wadi/20260206_062902/model.pt (验证Loss改善: 0.01061361 -> 0.01055301)
2026-02-06 06:29:42 - train_wadi - INFO - 模型已备份到: ./pretrained/wadi_model.pt
2026-02-06 06:29:42 - train_wadi - INFO - --------------------------------------------------------------------------------
2026-02-06 06:29:42 - train_wadi - INFO - Epoch 8/100 开始
2026-02-06 06:29:47 - train_wadi - INFO - Epoch 8/100 - 训练Loss: 0.01295954, 累计Loss: 1.43850851
2026-02-06 06:29:47 - train_wadi - INFO - 开始验证...
2026-02-06 06:29:47 - train_wadi - INFO - 验证Loss: 0.01066506
2026-02-06 06:29:47 - train_wadi - INFO - 验证Loss未改善 (连续未改善次数: 1/15)
2026-02-06 06:29:47 - train_wadi - INFO - --------------------------------------------------------------------------------
2026-02-06 06:29:47 - train_wadi - INFO - Epoch 9/100 开始
2026-02-06 06:29:52 - train_wadi - INFO - Epoch 9/100 - 训练Loss: 0.01252649, 累计Loss: 1.39043984
2026-02-06 06:29:52 - train_wadi - INFO - 开始验证...
2026-02-06 06:29:53 - train_wadi - INFO - 验证Loss: 0.00951460
2026-02-06 06:29:53 - train_wadi - INFO - 模型已保存到: ./output/wadi/20260206_062902/model.pt (验证Loss改善: 0.01055301 -> 0.00951460)
2026-02-06 06:29:53 - train_wadi - INFO - 模型已备份到: ./pretrained/wadi_model.pt
2026-02-06 06:29:53 - train_wadi - INFO - --------------------------------------------------------------------------------
2026-02-06 06:29:53 - train_wadi - INFO - Epoch 10/100 开始
2026-02-06 06:29:58 - train_wadi - INFO - Epoch 10/100 - 训练Loss: 0.01195825, 累计Loss: 1.32736535
2026-02-06 06:29:58 - train_wadi - INFO - 开始验证...
2026-02-06 06:29:59 - train_wadi - INFO - 验证Loss: 0.01065089
2026-02-06 06:29:59 - train_wadi - INFO - 验证Loss未改善 (连续未改善次数: 1/15)
2026-02-06 06:29:59 - train_wadi - INFO - --------------------------------------------------------------------------------
2026-02-06 06:29:59 - train_wadi - INFO - Epoch 11/100 开始
2026-02-06 06:30:04 - train_wadi - INFO - Epoch 11/100 - 训练Loss: 0.01219192, 累计Loss: 1.35330327
2026-02-06 06:30:04 - train_wadi - INFO - 开始验证...
2026-02-06 06:30:04 - train_wadi - INFO - 验证Loss: 0.01043631
2026-02-06 06:30:04 - train_wadi - INFO - 验证Loss未改善 (连续未改善次数: 2/15)
2026-02-06 06:30:04 - train_wadi - INFO - --------------------------------------------------------------------------------
2026-02-06 06:30:04 - train_wadi - INFO - Epoch 12/100 开始
2026-02-06 06:30:09 - train_wadi - INFO - Epoch 12/100 - 训练Loss: 0.01151074, 累计Loss: 1.27769194
2026-02-06 06:30:09 - train_wadi - INFO - 开始验证...
2026-02-06 06:30:09 - train_wadi - INFO - 验证Loss: 0.01024716
2026-02-06 06:30:09 - train_wadi - INFO - 验证Loss未改善 (连续未改善次数: 3/15)
2026-02-06 06:30:09 - train_wadi - INFO - --------------------------------------------------------------------------------
2026-02-06 06:30:09 - train_wadi - INFO - Epoch 13/100 开始
2026-02-06 06:30:14 - train_wadi - INFO - Epoch 13/100 - 训练Loss: 0.01158749, 累计Loss: 1.28621187
2026-02-06 06:30:14 - train_wadi - INFO - 开始验证...
2026-02-06 06:30:15 - train_wadi - INFO - 验证Loss: 0.01047306
2026-02-06 06:30:15 - train_wadi - INFO - 验证Loss未改善 (连续未改善次数: 4/15)
2026-02-06 06:30:15 - train_wadi - INFO - --------------------------------------------------------------------------------
2026-02-06 06:30:15 - train_wadi - INFO - Epoch 14/100 开始
2026-02-06 06:30:20 - train_wadi - INFO - Epoch 14/100 - 训练Loss: 0.01150015, 累计Loss: 1.27651714
2026-02-06 06:30:20 - train_wadi - INFO - 开始验证...
2026-02-06 06:30:20 - train_wadi - INFO - 验证Loss: 0.01068748
2026-02-06 06:30:20 - train_wadi - INFO - 验证Loss未改善 (连续未改善次数: 5/15)
2026-02-06 06:30:20 - train_wadi - INFO - --------------------------------------------------------------------------------
2026-02-06 06:30:20 - train_wadi - INFO - Epoch 15/100 开始
2026-02-06 06:30:25 - train_wadi - INFO - Epoch 15/100 - 训练Loss: 0.01242331, 累计Loss: 1.37898750
2026-02-06 06:30:25 - train_wadi - INFO - 开始验证...
2026-02-06 06:30:26 - train_wadi - INFO - 验证Loss: 0.01193273
2026-02-06 06:30:26 - train_wadi - INFO - 验证Loss未改善 (连续未改善次数: 6/15)
2026-02-06 06:30:26 - train_wadi - INFO - --------------------------------------------------------------------------------
2026-02-06 06:30:26 - train_wadi - INFO - Epoch 16/100 开始
2026-02-06 06:30:31 - train_wadi - INFO - Epoch 16/100 - 训练Loss: 0.01189095, 累计Loss: 1.31989535
2026-02-06 06:30:31 - train_wadi - INFO - 开始验证...
2026-02-06 06:30:31 - train_wadi - INFO - 验证Loss: 0.01100463
2026-02-06 06:30:31 - train_wadi - INFO - 验证Loss未改善 (连续未改善次数: 7/15)
2026-02-06 06:30:31 - train_wadi - INFO - --------------------------------------------------------------------------------
2026-02-06 06:30:31 - train_wadi - INFO - Epoch 17/100 开始
2026-02-06 06:30:37 - train_wadi - INFO - Epoch 17/100 - 训练Loss: 0.01148592, 累计Loss: 1.27493758
2026-02-06 06:30:37 - train_wadi - INFO - 开始验证...
2026-02-06 06:30:37 - train_wadi - INFO - 验证Loss: 0.01176932
2026-02-06 06:30:37 - train_wadi - INFO - 验证Loss未改善 (连续未改善次数: 8/15)
2026-02-06 06:30:37 - train_wadi - INFO - --------------------------------------------------------------------------------
2026-02-06 06:30:37 - train_wadi - INFO - Epoch 18/100 开始
2026-02-06 06:30:42 - train_wadi - INFO - Epoch 18/100 - 训练Loss: 0.01143026, 累计Loss: 1.26875932
2026-02-06 06:30:42 - train_wadi - INFO - 开始验证...
2026-02-06 06:30:43 - train_wadi - INFO - 验证Loss: 0.01109980
2026-02-06 06:30:43 - train_wadi - INFO - 验证Loss未改善 (连续未改善次数: 9/15)
2026-02-06 06:30:43 - train_wadi - INFO - --------------------------------------------------------------------------------
2026-02-06 06:30:43 - train_wadi - INFO - Epoch 19/100 开始
2026-02-06 06:30:48 - train_wadi - INFO - Epoch 19/100 - 训练Loss: 0.01173322, 累计Loss: 1.30238707
2026-02-06 06:30:48 - train_wadi - INFO - 开始验证...
2026-02-06 06:30:48 - train_wadi - INFO - 验证Loss: 0.01177887
2026-02-06 06:30:48 - train_wadi - INFO - 验证Loss未改善 (连续未改善次数: 10/15)
2026-02-06 06:30:48 - train_wadi - INFO - --------------------------------------------------------------------------------
2026-02-06 06:30:48 - train_wadi - INFO - Epoch 20/100 开始
2026-02-06 06:30:53 - train_wadi - INFO - Epoch 20/100 - 训练Loss: 0.01109882, 累计Loss: 1.23196939
2026-02-06 06:30:53 - train_wadi - INFO - 开始验证...
2026-02-06 06:30:54 - train_wadi - INFO - 验证Loss: 0.01082319
2026-02-06 06:30:54 - train_wadi - INFO - 验证Loss未改善 (连续未改善次数: 11/15)
2026-02-06 06:30:54 - train_wadi - INFO - --------------------------------------------------------------------------------
2026-02-06 06:30:54 - train_wadi - INFO - Epoch 21/100 开始
2026-02-06 06:30:59 - train_wadi - INFO - Epoch 21/100 - 训练Loss: 0.01141861, 累计Loss: 1.26746589
2026-02-06 06:30:59 - train_wadi - INFO - 开始验证...
2026-02-06 06:31:00 - train_wadi - INFO - 验证Loss: 0.01103709
2026-02-06 06:31:00 - train_wadi - INFO - 验证Loss未改善 (连续未改善次数: 12/15)
2026-02-06 06:31:00 - train_wadi - INFO - --------------------------------------------------------------------------------
2026-02-06 06:31:00 - train_wadi - INFO - Epoch 22/100 开始
2026-02-06 06:31:05 - train_wadi - INFO - Epoch 22/100 - 训练Loss: 0.01139339, 累计Loss: 1.26466627
2026-02-06 06:31:05 - train_wadi - INFO - 开始验证...
2026-02-06 06:31:05 - train_wadi - INFO - 验证Loss: 0.01151874
2026-02-06 06:31:05 - train_wadi - INFO - 验证Loss未改善 (连续未改善次数: 13/15)
2026-02-06 06:31:05 - train_wadi - INFO - --------------------------------------------------------------------------------
2026-02-06 06:31:05 - train_wadi - INFO - Epoch 23/100 开始
2026-02-06 06:31:10 - train_wadi - INFO - Epoch 23/100 - 训练Loss: 0.01121573, 累计Loss: 1.24494566
2026-02-06 06:31:10 - train_wadi - INFO - 开始验证...
2026-02-06 06:31:11 - train_wadi - INFO - 验证Loss: 0.01109575
2026-02-06 06:31:11 - train_wadi - INFO - 验证Loss未改善 (连续未改善次数: 14/15)
2026-02-06 06:31:11 - train_wadi - INFO - --------------------------------------------------------------------------------
2026-02-06 06:31:11 - train_wadi - INFO - Epoch 24/100 开始
2026-02-06 06:31:16 - train_wadi - INFO - Epoch 24/100 - 训练Loss: 0.01093749, 累计Loss: 1.21406084
2026-02-06 06:31:16 - train_wadi - INFO - 开始验证...
2026-02-06 06:31:17 - train_wadi - INFO - 验证Loss: 0.01103825
2026-02-06 06:31:17 - train_wadi - INFO - 验证Loss未改善 (连续未改善次数: 15/15)
2026-02-06 06:31:17 - train_wadi - INFO - 触发早停: 连续 15 轮验证Loss未改善
2026-02-06 06:31:17 - train_wadi - INFO - ================================================================================
2026-02-06 06:31:17 - train_wadi - INFO - 训练完成
2026-02-06 06:31:17 - train_wadi - INFO - 最佳Loss: 0.00951460
2026-02-06 06:31:17 - train_wadi - INFO - 训练总轮数: 24
2026-02-06 06:31:17 - train_wadi - INFO - ================================================================================
